// Jest Snapshot v1, https://goo.gl/fbAQLP

exports[`Notes can render 1`] = `
<div>
  <div
    class="ErrorBoundary"
  >
    <div
      class="StyledGrommet-sc-19lkkz7-0 lcXYAf"
    >
      <div
        class="StyledGrid-sc-1wofa1l-0 epooMg"
      >
        <div
          class="StyledBox-sc-13pk1d4-0 keusHe"
        >
          <div
            class="StyledTextInput__StyledTextInputContainer-sc-1x30a0s-1 ksQrmr"
          >
            <input
              autocomplete="off"
              class="StyledTextInput-sc-1x30a0s-0 fVbmbP"
              placeholder="Search notes"
              value=""
            />
          </div>
        </div>
        <div
          class="StyledBox-sc-13pk1d4-0 hxEggp"
        />
        <div
          class="StyledBox-sc-13pk1d4-0 jLeraw"
        >
          <div
            class="StyledBox-sc-13pk1d4-0 bFwQzJ"
          >
            <div
              class="StyledBox-sc-13pk1d4-0 iTBjuB"
              tabindex="0"
            >
              <span
                class="StyledText-sc-1sadyjn-0 hUokoe"
              >
                Example Note
              </span>
              <span
                class="StyledText-sc-1sadyjn-0 cpXmBp"
              >
                General
              </span>
            </div>
            <div
              class="StyledBox-sc-13pk1d4-0 iTBjuB"
              tabindex="0"
            >
              <span
                class="StyledText-sc-1sadyjn-0 hUokoe"
              >
                Another Example Note
              </span>
              <span
                class="StyledText-sc-1sadyjn-0 cpXmBp"
              >
                Work
              </span>
            </div>
          </div>
        </div>
        <div
          class="StyledBox-sc-13pk1d4-0 yCoTg"
        >
          <button
            class="StyledButton-sc-323bzc-0 gLndZo"
            type="button"
          >
            New
          </button>
        </div>
        <div
          class="StyledBox-sc-13pk1d4-0 eVICrj"
        />
      </div>
    </div>
  </div>
</div>
`;
