// Jest Snapshot v1, https://goo.gl/fbAQLP

exports[`ResourceCard can render 1`] = `
<div>
  <div
    class="StyledBox-sc-13pk1d4-0 bEJYwZ"
  >
    <div
      class="StyledBox-sc-13pk1d4-0 cFuWap"
    >
      <div
        class="StyledBox-sc-13pk1d4-0 dPcePz"
      >
        <img
          aria-label=""
          class="StyledImage-ey4zx9-0 dQECSV"
          src=""
        />
      </div>
      <div
        class="StyledBox-sc-13pk1d4-0 xnWsV"
      >
        <h3
          class="StyledHeading-sc-1rdh4aw-0 craNUF"
        />
        <p
          class="StyledParagraph-tbetod-0 byDKns"
        />
      </div>
    </div>
  </div>
</div>
`;
