// Jest Snapshot v1, https://goo.gl/fbAQLP

exports[`Profile can render 1`] = `
<div
  className="StyledBox-sc-13pk1d4-0 dYebPD"
>
  <div
    className="StyledBox-sc-13pk1d4-0 dSOMTn"
  >
    <div
      className="StyledBox-sc-13pk1d4-0 dYebPD Masthead"
    >
      <div
        className="StyledStack-ajspsk-0 ilzlNt"
      >
        <div
          className="StyledStack__StyledStackLayer-ajspsk-1 ZrOtH"
        >
          <img
            className="StyledImage-ey4zx9-0 JknTg"
            src="/placeholder/img/space/astronaut3.jpeg"
          />
        </div>
        <div
          className="StyledStack__StyledStackLayer-ajspsk-1 bnpxHo"
        >
          <h1
            className="StyledHeading-sc-1rdh4aw-0 gvxPBk"
          >
            Hi. I'm John!
          </h1>
        </div>
      </div>
    </div>
  </div>
  <div
    className="StyledBox-sc-13pk1d4-0 dYebPD"
  >
    <div
      className="StyledBox-sc-13pk1d4-0 dYebPD StyledTabs-a4fwxl-2 jQLYpX"
      role="tablist"
    >
      <div
        className="StyledBox-sc-13pk1d4-0 dByFSU StyledTabs__StyledTabsHeader-a4fwxl-0 gwFYfs"
      >
        <button
          aria-expanded={true}
          aria-selected={true}
          className="StyledButton-sc-323bzc-0 ebqXLG"
          onBlur={[Function]}
          onClick={[Function]}
          onFocus={[Function]}
          onMouseOut={[Function]}
          onMouseOver={[Function]}
          role="tab"
          type="button"
        >
          <div
            className="StyledBox-sc-13pk1d4-0 cLWgPR StyledTab-sc-1nnwnsb-0 kVEPVO"
          >
            <div
              className="StyledBox-sc-13pk1d4-0 iEStkL"
            >
              <span
                className="StyledText-sc-1sadyjn-0 JhXAc"
              >
                5
              </span>
              <div
                className="StyledBox__StyledBoxGap-sc-13pk1d4-1 bAwsPu"
              />
               
              <div
                className="StyledBox__StyledBoxGap-sc-13pk1d4-1 bAwsPu"
              />
              <span
                className="StyledText-sc-1sadyjn-0 DkZvS"
              >
                Posts
              </span>
            </div>
          </div>
        </button>
        <button
          aria-expanded={false}
          aria-selected={false}
          className="StyledButton-sc-323bzc-0 ebqXLG"
          onBlur={[Function]}
          onClick={[Function]}
          onFocus={[Function]}
          onMouseOut={[Function]}
          onMouseOver={[Function]}
          role="tab"
          type="button"
        >
          <div
            className="StyledBox-sc-13pk1d4-0 gdixjB StyledTab-sc-1nnwnsb-0 kVEPVO"
          >
            <div
              className="StyledBox-sc-13pk1d4-0 iEStkL"
            >
              <span
                className="StyledText-sc-1sadyjn-0 JhXAc"
              >
                1
              </span>
              <div
                className="StyledBox__StyledBoxGap-sc-13pk1d4-1 bAwsPu"
              />
               
              <div
                className="StyledBox__StyledBoxGap-sc-13pk1d4-1 bAwsPu"
              />
              <span
                className="StyledText-sc-1sadyjn-0 DkZvS"
              >
                Followers
              </span>
            </div>
          </div>
        </button>
        <button
          aria-expanded={false}
          aria-selected={false}
          className="StyledButton-sc-323bzc-0 ebqXLG"
          onBlur={[Function]}
          onClick={[Function]}
          onFocus={[Function]}
          onMouseOut={[Function]}
          onMouseOver={[Function]}
          role="tab"
          type="button"
        >
          <div
            className="StyledBox-sc-13pk1d4-0 gdixjB StyledTab-sc-1nnwnsb-0 kVEPVO"
          >
            <div
              className="StyledBox-sc-13pk1d4-0 iEStkL"
            >
              <span
                className="StyledText-sc-1sadyjn-0 JhXAc"
              >
                1
              </span>
              <div
                className="StyledBox__StyledBoxGap-sc-13pk1d4-1 bAwsPu"
              />
               
              <div
                className="StyledBox__StyledBoxGap-sc-13pk1d4-1 bAwsPu"
              />
              <span
                className="StyledText-sc-1sadyjn-0 DkZvS"
              >
                Following
              </span>
            </div>
          </div>
        </button>
      </div>
      <div
        aria-label=" Tab Contents"
        className="StyledTabs__StyledTabPanel-a4fwxl-1 ixxRXT"
        role="tabpanel"
      />
    </div>
  </div>
</div>
`;
