// Jest Snapshot v1, https://goo.gl/fbAQLP

exports[`Profile can render 1`] = `
<div
  className="StyledBox-sc-13pk1d4-0 bFwQzJ"
>
  <div
    className="StyledBox-sc-13pk1d4-0 fMLwvJ"
  >
    <div
      className="StyledBox-sc-13pk1d4-0 bFwQzJ Masthead"
    >
      <div
        className="StyledStack-ajspsk-0 KTKTv"
      >
        <div
          className="StyledStack__StyledStackLayer-ajspsk-1 bEYrkt"
        >
          <img
            className="StyledImage-ey4zx9-0 kdPbXO"
            src="/placeholder/img/space/astronaut3.jpeg"
          />
        </div>
        <div
          className="StyledStack__StyledStackLayer-ajspsk-1 ddIVvW"
        >
          <h1
            className="StyledHeading-sc-1rdh4aw-0 cFJBIO"
          >
            Hi. I'm John!
          </h1>
        </div>
      </div>
    </div>
  </div>
  <div
    className="StyledBox-sc-13pk1d4-0 bFwQzJ"
  >
    <div
      className="StyledBox-sc-13pk1d4-0 bFwQzJ StyledTabs-a4fwxl-2 gjpnHh"
      role="tablist"
    >
      <div
        className="StyledBox-sc-13pk1d4-0 cNauHK StyledTabs__StyledTabsHeader-a4fwxl-0 fXJmvC"
      >
        <button
          aria-expanded={true}
          aria-selected={true}
          className="StyledButton-sc-323bzc-0 jFJBys"
          onBlur={[Function]}
          onClick={[Function]}
          onFocus={[Function]}
          onMouseOut={[Function]}
          onMouseOver={[Function]}
          role="tab"
          type="button"
        >
          <div
            className="StyledBox-sc-13pk1d4-0 fQtdUH StyledTab-sc-1nnwnsb-0 eWIFpw"
          >
            <div
              className="StyledBox-sc-13pk1d4-0 fWrhNV"
            >
              <span
                className="StyledText-sc-1sadyjn-0 gmtNWw"
              >
                5
              </span>
              <div
                className="StyledBox__StyledBoxGap-sc-13pk1d4-1 cPZcyD"
              />
               
              <div
                className="StyledBox__StyledBoxGap-sc-13pk1d4-1 cPZcyD"
              />
              <span
                className="StyledText-sc-1sadyjn-0 hUokoe"
              >
                Posts
              </span>
            </div>
          </div>
        </button>
        <button
          aria-expanded={false}
          aria-selected={false}
          className="StyledButton-sc-323bzc-0 jFJBys"
          onBlur={[Function]}
          onClick={[Function]}
          onFocus={[Function]}
          onMouseOut={[Function]}
          onMouseOver={[Function]}
          role="tab"
          type="button"
        >
          <div
            className="StyledBox-sc-13pk1d4-0 iwzLzf StyledTab-sc-1nnwnsb-0 eWIFpw"
          >
            <div
              className="StyledBox-sc-13pk1d4-0 fWrhNV"
            >
              <span
                className="StyledText-sc-1sadyjn-0 gmtNWw"
              >
                1
              </span>
              <div
                className="StyledBox__StyledBoxGap-sc-13pk1d4-1 cPZcyD"
              />
               
              <div
                className="StyledBox__StyledBoxGap-sc-13pk1d4-1 cPZcyD"
              />
              <span
                className="StyledText-sc-1sadyjn-0 hUokoe"
              >
                Followers
              </span>
            </div>
          </div>
        </button>
        <button
          aria-expanded={false}
          aria-selected={false}
          className="StyledButton-sc-323bzc-0 jFJBys"
          onBlur={[Function]}
          onClick={[Function]}
          onFocus={[Function]}
          onMouseOut={[Function]}
          onMouseOver={[Function]}
          role="tab"
          type="button"
        >
          <div
            className="StyledBox-sc-13pk1d4-0 iwzLzf StyledTab-sc-1nnwnsb-0 eWIFpw"
          >
            <div
              className="StyledBox-sc-13pk1d4-0 fWrhNV"
            >
              <span
                className="StyledText-sc-1sadyjn-0 gmtNWw"
              >
                1
              </span>
              <div
                className="StyledBox__StyledBoxGap-sc-13pk1d4-1 cPZcyD"
              />
               
              <div
                className="StyledBox__StyledBoxGap-sc-13pk1d4-1 cPZcyD"
              />
              <span
                className="StyledText-sc-1sadyjn-0 hUokoe"
              >
                Following
              </span>
            </div>
          </div>
        </button>
      </div>
      <div
        aria-label=" Tab Contents"
        className="StyledTabs__StyledTabPanel-a4fwxl-1 fxssrZ"
        role="tabpanel"
      />
    </div>
  </div>
</div>
`;
