// Jest Snapshot v1, https://goo.gl/fbAQLP

exports[`Profile can render 1`] = `
<div>
  <div
    class="ErrorBoundary"
  >
    <div
      class="StyledGrommet-sc-19lkkz7-0 djOnwZ"
    >
      <div
        class="StyledBox-sc-13pk1d4-0 dYebPD"
      >
        <div
          class="StyledBox-sc-13pk1d4-0 dSOMTn"
        >
          <div
            class="StyledBox-sc-13pk1d4-0 dYebPD Masthead"
          >
            <div
              class="StyledStack-ajspsk-0 ilzlNt"
            >
              <div
                class="StyledStack__StyledStackLayer-ajspsk-1 ZrOtH"
              >
                <img
                  class="StyledImage-ey4zx9-0 JknTg"
                  src="/placeholder/img/space/astronaut3.jpeg"
                />
              </div>
              <div
                class="StyledStack__StyledStackLayer-ajspsk-1 bnpxHo"
              >
                <h1
                  class="StyledHeading-sc-1rdh4aw-0 gvxPBk"
                >
                  Hi. I'm John!
                </h1>
              </div>
            </div>
          </div>
        </div>
        <div
          class="StyledBox-sc-13pk1d4-0 dYebPD"
        >
          <div
            class="StyledBox-sc-13pk1d4-0 dYebPD StyledTabs-a4fwxl-2 jQLYpX"
            role="tablist"
          >
            <div
              class="StyledBox-sc-13pk1d4-0 dByFSU StyledTabs__StyledTabsHeader-a4fwxl-0 gwFYfs"
            >
              <button
                aria-expanded="true"
                aria-selected="true"
                class="StyledButton-sc-323bzc-0 ebqXLG"
                role="tab"
                type="button"
              >
                <div
                  class="StyledBox-sc-13pk1d4-0 cLWgPR StyledTab-sc-1nnwnsb-0 kVEPVO"
                >
                  <div
                    class="StyledBox-sc-13pk1d4-0 iEStkL"
                  >
                    <span
                      class="StyledText-sc-1sadyjn-0 JhXAc"
                    >
                      5
                    </span>
                    <div
                      class="StyledBox__StyledBoxGap-sc-13pk1d4-1 bAwsPu"
                    />
                     
                    <div
                      class="StyledBox__StyledBoxGap-sc-13pk1d4-1 bAwsPu"
                    />
                    <span
                      class="StyledText-sc-1sadyjn-0 DkZvS"
                    >
                      Posts
                    </span>
                  </div>
                </div>
              </button>
              <button
                aria-expanded="false"
                aria-selected="false"
                class="StyledButton-sc-323bzc-0 ebqXLG"
                role="tab"
                type="button"
              >
                <div
                  class="StyledBox-sc-13pk1d4-0 gdixjB StyledTab-sc-1nnwnsb-0 kVEPVO"
                >
                  <div
                    class="StyledBox-sc-13pk1d4-0 iEStkL"
                  >
                    <span
                      class="StyledText-sc-1sadyjn-0 JhXAc"
                    >
                      1
                    </span>
                    <div
                      class="StyledBox__StyledBoxGap-sc-13pk1d4-1 bAwsPu"
                    />
                     
                    <div
                      class="StyledBox__StyledBoxGap-sc-13pk1d4-1 bAwsPu"
                    />
                    <span
                      class="StyledText-sc-1sadyjn-0 DkZvS"
                    >
                      Followers
                    </span>
                  </div>
                </div>
              </button>
              <button
                aria-expanded="false"
                aria-selected="false"
                class="StyledButton-sc-323bzc-0 ebqXLG"
                role="tab"
                type="button"
              >
                <div
                  class="StyledBox-sc-13pk1d4-0 gdixjB StyledTab-sc-1nnwnsb-0 kVEPVO"
                >
                  <div
                    class="StyledBox-sc-13pk1d4-0 iEStkL"
                  >
                    <span
                      class="StyledText-sc-1sadyjn-0 JhXAc"
                    >
                      1
                    </span>
                    <div
                      class="StyledBox__StyledBoxGap-sc-13pk1d4-1 bAwsPu"
                    />
                     
                    <div
                      class="StyledBox__StyledBoxGap-sc-13pk1d4-1 bAwsPu"
                    />
                    <span
                      class="StyledText-sc-1sadyjn-0 DkZvS"
                    >
                      Following
                    </span>
                  </div>
                </div>
              </button>
            </div>
            <div
              aria-label="1 Tab Contents"
              class="StyledTabs__StyledTabPanel-a4fwxl-1 ixxRXT"
              role="tabpanel"
            >
              <div
                class="StyledBox-sc-13pk1d4-0 eTiwxI"
              >
                <div
                  class="StyledBox-sc-13pk1d4-0 dYebPD"
                >
                  <div
                    class="StyledGrid-sc-1wofa1l-0 hJLzmy"
                  >
                    <div
                      class="StyledBox-sc-13pk1d4-0 buAiKv"
                    >
                      <div
                        class="StyledBox-sc-13pk1d4-0 dmbNoD"
                      >
                        <img
                          class="StyledImage-ey4zx9-0 dMlsqP"
                          src="/placeholder/img/space/craters.jpeg"
                        />
                      </div>
                    </div>
                    <div
                      class="StyledBox-sc-13pk1d4-0 buAiKv"
                    >
                      <div
                        class="StyledBox-sc-13pk1d4-0 dmbNoD"
                      >
                        <img
                          class="StyledImage-ey4zx9-0 dMlsqP"
                          src="/placeholder/img/space/gas.jpeg"
                        />
                      </div>
                    </div>
                    <div
                      class="StyledBox-sc-13pk1d4-0 buAiKv"
                    >
                      <div
                        class="StyledBox-sc-13pk1d4-0 dmbNoD"
                      >
                        <img
                          class="StyledImage-ey4zx9-0 dMlsqP"
                          src="/placeholder/img/space/gas-ball.jpeg"
                        />
                      </div>
                    </div>
                    <div
                      class="StyledBox-sc-13pk1d4-0 buAiKv"
                    >
                      <div
                        class="StyledBox-sc-13pk1d4-0 dmbNoD"
                      >
                        <img
                          class="StyledImage-ey4zx9-0 dMlsqP"
                          src="/placeholder/img/space/united-states.jpeg"
                        />
                      </div>
                    </div>
                    <div
                      class="StyledBox-sc-13pk1d4-0 buAiKv"
                    >
                      <div
                        class="StyledBox-sc-13pk1d4-0 dmbNoD"
                      >
                        <img
                          class="StyledImage-ey4zx9-0 dMlsqP"
                          src="/placeholder/img/space/astronaut1.jpeg"
                        />
                      </div>
                    </div>
                  </div>
                </div>
              </div>
            </div>
          </div>
        </div>
      </div>
    </div>
  </div>
</div>
`;
