// Jest Snapshot v1, https://goo.gl/fbAQLP

exports[`Can render AppShell 1`] = `
<div>
  <div
    class="ErrorBoundary"
  >
    <div
      class="StyledGrommet-sc-19lkkz7-0 lcXYAf"
    >
      <div
        class="StyledGrid-sc-1wofa1l-0 gxRPID AppShellContainer"
      >
        <header
          class="StyledBox-sc-13pk1d4-0 kWsDPM AppShellHeader"
        >
          <div
            class="StyledGrid-sc-1wofa1l-0 JASlM"
          >
            <div
              class="StyledBox-sc-13pk1d4-0 cFlYPk AppShellLogo"
            >
              <img
                class="StyledImage-ey4zx9-0 cHpGKY"
                src="/placeholder/img/logos/logo-white.png"
                style="max-height: 100%; max-width: 100%;"
              />
            </div>
            <div
              class="StyledBox-sc-13pk1d4-0 inhPKK"
            >
              <button
                aria-label="Open Drop"
                class="StyledButton-sc-323bzc-0 fKcmhi AppShellSearch"
                type="button"
              >
                <svg
                  aria-label="Search"
                  class="StyledIcon-ofa7kd-0 kfECiH"
                  viewBox="0 0 24 24"
                >
                  <path
                    d="M15,15 L22,22 L15,15 Z M9.5,17 C13.6421356,17 17,13.6421356 17,9.5 C17,5.35786438 13.6421356,2 9.5,2 C5.35786438,2 2,5.35786438 2,9.5 C2,13.6421356 5.35786438,17 9.5,17 Z"
                    fill="none"
                    stroke="#000"
                    stroke-width="2"
                  />
                </svg>
              </button>
              <div
                class="StyledBox__StyledBoxGap-sc-13pk1d4-1 hrkxnQ"
              />
              <div
                class="StyledBox-sc-13pk1d4-0 gbzvTG AppShellNotifications"
              >
                <button
                  aria-label="Open Drop"
                  class="StyledButton-sc-323bzc-0 fKcmhi"
                  type="button"
                >
                  <div
                    class="StyledBox-sc-13pk1d4-0 bFwQzJ"
                  >
                    <div
                      class="StyledStack-ajspsk-0 liEjfH"
                    >
                      <div
                        class="StyledStack__StyledStackLayer-ajspsk-1 eFfYoG"
                      >
                        <div
                          class="StyledBox-sc-13pk1d4-0 bFwQzJ"
                        >
                          <svg
                            aria-label="Notification"
                            class="StyledIcon-ofa7kd-0 dkiGYz"
                            viewBox="0 0 24 24"
                          >
                            <path
                              d="M4,19 L4,9 C4,4.582 7.582,1 12,1 C16.418,1 20,4.582 20,9 L20,19 M1,19 L23,19 M15,19 L15,20 C15,21.657 13.657,23 12,23 C10.343,23 9,21.657 9,20 L9,19"
                              fill="none"
                              stroke="#000"
                              stroke-width="2"
                            />
                          </svg>
                        </div>
                      </div>
                      <div
                        class="StyledStack__StyledStackLayer-ajspsk-1 bhQrqd"
                      >
                        <div
                          class="StyledBox-sc-13pk1d4-0 bBwIJT"
                        >
                          <span
                            class="StyledText-sc-1sadyjn-0 hEtUkZ"
                          >
                            1
                          </span>
                        </div>
                      </div>
                    </div>
                  </div>
                </button>
                <div
                  class="StyledBox__StyledBoxGap-sc-13pk1d4-1 hrkxnQ"
                />
                <button
                  aria-label="Open Drop"
                  class="StyledButton-sc-323bzc-0 fKcmhi"
                  type="button"
                >
                  <div
                    class="StyledBox-sc-13pk1d4-0 bFwQzJ"
                  >
                    <div
                      class="StyledStack-ajspsk-0 liEjfH"
                    >
                      <div
                        class="StyledStack__StyledStackLayer-ajspsk-1 eFfYoG"
                      >
                        <div
                          class="StyledBox-sc-13pk1d4-0 bFwQzJ"
                        >
                          <svg
                            aria-label="ChatOption"
                            class="StyledIcon-ofa7kd-0 dkiGYz"
                            viewBox="0 0 24 24"
                          >
                            <path
                              d="M9,7 L9,1 L23,1 L23,11 L20,11 L20,16 L15,12 M1,7 L15,7 L15,18 L9,18 L4,22 L4,18 L1,18 L1,7 Z"
                              fill="none"
                              stroke="#000"
                              stroke-width="2"
                            />
                          </svg>
                        </div>
                      </div>
                      <div
                        class="StyledStack__StyledStackLayer-ajspsk-1 bhQrqd"
                      >
                        <div
                          class="StyledBox-sc-13pk1d4-0 bBwIJT"
                        >
                          <span
                            class="StyledText-sc-1sadyjn-0 hEtUkZ"
                          >
                            1
                          </span>
                        </div>
                      </div>
                    </div>
                  </div>
                </button>
                <div
                  class="StyledBox__StyledBoxGap-sc-13pk1d4-1 hrkxnQ"
                />
                <button
                  aria-label="Open Drop"
                  class="StyledButton-sc-323bzc-0 fKcmhi"
                  type="button"
                >
                  <div
                    class="StyledBox-sc-13pk1d4-0 bFwQzJ"
                  >
                    <div
                      class="StyledStack-ajspsk-0 liEjfH"
                    >
                      <div
                        class="StyledStack__StyledStackLayer-ajspsk-1 eFfYoG"
                      >
                        <div
                          class="StyledBox-sc-13pk1d4-0 bFwQzJ"
                        >
                          <svg
                            aria-label="Cart"
                            class="StyledIcon-ofa7kd-0 dkiGYz"
                            viewBox="0 0 24 24"
                          >
                            <path
                              d="M5,5 L22,5 L20,14 L7,14 L4,2 L0,2 M7,14 L8,18 L21,18 M19,23 C18.4475,23 18,22.5525 18,22 C18,21.4475 18.4475,21 19,21 C19.5525,21 20,21.4475 20,22 C20,22.5525 19.5525,23 19,23 Z M9,23 C8.4475,23 8,22.5525 8,22 C8,21.4475 8.4475,21 9,21 C9.5525,21 10,21.4475 10,22 C10,22.5525 9.5525,23 9,23 Z"
                              fill="none"
                              stroke="#000"
                              stroke-width="2"
                            />
                          </svg>
                        </div>
                      </div>
                      <div
                        class="StyledStack__StyledStackLayer-ajspsk-1 bhQrqd"
                      >
                        <div
                          class="StyledBox-sc-13pk1d4-0 bBwIJT"
                        >
                          <span
                            class="StyledText-sc-1sadyjn-0 hEtUkZ"
                          >
                            1
                          </span>
                        </div>
                      </div>
                    </div>
                  </div>
                </button>
              </div>
              <div
                class="StyledBox__StyledBoxGap-sc-13pk1d4-1 hrkxnQ"
              />
              <button
                aria-label="Open Drop"
                class="StyledButton-sc-323bzc-0 fKcmhi AppShellMenu"
                type="button"
              >
                <div
                  class="StyledBox-sc-13pk1d4-0 eQJNso StyledAvatar-sc-1suyamb-1 juEsgd"
                />
              </button>
            </div>
          </div>
        </header>
        <div
          class="StyledBox-sc-13pk1d4-0 hxwfqu AppShellSidebar"
        >
          <div
            class="StyledBox-sc-13pk1d4-0 jwQkzn"
          >
            <div
              class="StyledBox-sc-13pk1d4-0 bFwQzJ"
            >
              <nav
                class="StyledBox-sc-13pk1d4-0 gzfjUM AppShellNav"
              >
                <div
                  class="StyledBox-sc-13pk1d4-0 bFwQzJ AppShellNavSection"
                >
                  <div
                    class="StyledBox-sc-13pk1d4-0 ddwlHv"
                  >
                    <span
                      class="StyledText-sc-1sadyjn-0 fNZrpW"
                    >
                      First Section
                    </span>
                  </div>
                  <div
                    class="StyledBox__StyledBoxGap-sc-13pk1d4-1 bNUOfk"
                  />
                  <div
                    class="StyledBox-sc-13pk1d4-0 bFwQzJ"
                  >
                    <a
                      class="AppShellNavLink"
                      href="/app-shell/home"
                      style="text-decoration: none; font-weight: normal;"
                    >
                      <div
                        class="StyledBox-sc-13pk1d4-0 dSulpR"
                      >
                        <div
                          class="StyledBox-sc-13pk1d4-0 bFwQzJ NavLink__icon"
                        >
                          <span
                            class="StyledText-sc-1sadyjn-0 jlATGM"
                          >
                            <svg
                              aria-label="Home"
                              class="StyledIcon-ofa7kd-0 cQVwrT"
                              viewBox="0 0 24 24"
                            >
                              <path
                                d="M1,11 L12,2 L23,11 M15,23 L15,15 L15,15 L9,15 L9,23 M4,23 L4,9 M20,23 L20,9"
                                fill="none"
                                stroke="#000"
                                stroke-width="2"
                              />
                            </svg>
                          </span>
                        </div>
                        <div
                          class="StyledBox__StyledBoxGap-sc-13pk1d4-1 hrkxnQ"
                        />
                        <div
                          class="StyledBox-sc-13pk1d4-0 iwLfhj NavLink__label"
                        >
                          <span
                            class="StyledText-sc-1sadyjn-0 jMqRbO"
                          >
                            Home
                          </span>
                        </div>
                      </div>
                    </a>
                    <a
                      class="AppShellNavLink"
                      href="/app-shell/members"
                      style="text-decoration: none; font-weight: normal;"
                    >
                      <div
                        class="StyledBox-sc-13pk1d4-0 dSulpR"
                      >
                        <div
                          class="StyledBox-sc-13pk1d4-0 bFwQzJ NavLink__icon"
                        >
                          <span
                            class="StyledText-sc-1sadyjn-0 jlATGM"
                          >
                            <svg
                              aria-label="Group"
                              class="StyledIcon-ofa7kd-0 cQVwrT"
                              viewBox="0 0 24 24"
                            >
                              <path
                                d="M12,13 C14.209139,13 16,11.209139 16,9 C16,6.790861 14.209139,5 12,5 C9.790861,5 8,6.790861 8,9 C8,11.209139 9.790861,13 12,13 Z M6,22 L6,19 C6,15.6862915 8.6862915,13 12,13 C15.3137085,13 18,15.6862915 18,19 L18,22 M13,5 C13.4037285,3.33566165 15.0151447,2 17,2 C19.172216,2 20.98052,3.790861 21,6 C20.98052,8.209139 19.172216,10 17,10 L16,10 L17,10 C20.287544,10 23,12.6862915 23,16 L23,18 M11,5 C10.5962715,3.33566165 8.98485529,2 7,2 C4.82778404,2 3.01948003,3.790861 3,6 C3.01948003,8.209139 4.82778404,10 7,10 L8,10 L7,10 C3.71245602,10 1,12.6862915 1,16 L1,18"
                                fill="none"
                                stroke="#000"
                                stroke-width="2"
                              />
                            </svg>
                          </span>
                        </div>
                        <div
                          class="StyledBox__StyledBoxGap-sc-13pk1d4-1 hrkxnQ"
                        />
                        <div
                          class="StyledBox-sc-13pk1d4-0 iwLfhj NavLink__label"
                        >
                          <span
                            class="StyledText-sc-1sadyjn-0 jMqRbO"
                          >
                            Members
                          </span>
                        </div>
                      </div>
                    </a>
                    <a
                      class="AppShellNavLink"
                      href="/app-shell/orders"
                      style="text-decoration: none; font-weight: normal;"
                    >
                      <div
                        class="StyledBox-sc-13pk1d4-0 dSulpR"
                      >
                        <div
                          class="StyledBox-sc-13pk1d4-0 bFwQzJ NavLink__icon"
                        >
                          <span
                            class="StyledText-sc-1sadyjn-0 jlATGM"
                          >
                            <svg
                              aria-label="Install"
                              class="StyledIcon-ofa7kd-0 cQVwrT"
                              viewBox="0 0 24 24"
                            >
                              <path
                                d="M19,13.5 L19,17.5 L12,22 L5,17.5 L5,13.5 M12,22 L12,13.5 M18.5,8.5 L12,4.5 L15.5,2 L22,6 L18.5,8.5 L18.5,8.5 L18.5,8.5 Z M5.5,8.5 L12,4.5 L8.5,2 L2,6 L5.5,8.5 L5.5,8.5 L5.5,8.5 Z M18.5,9 L12,13 L15.5,15.5 L22,11.5 L18.5,9 L18.5,9 L18.5,9 Z M5.5,9 L12,13 L8.5,15.5 L2,11.5 L5.5,9 L5.5,9 Z"
                                fill="none"
                                stroke="#000"
                                stroke-width="2"
                              />
                            </svg>
                          </span>
                        </div>
                        <div
                          class="StyledBox__StyledBoxGap-sc-13pk1d4-1 hrkxnQ"
                        />
                        <div
                          class="StyledBox-sc-13pk1d4-0 iwLfhj NavLink__label"
                        >
                          <span
                            class="StyledText-sc-1sadyjn-0 jMqRbO"
                          >
                            Orders
                          </span>
                        </div>
                      </div>
                    </a>
                    <div
                      class="StyledBox-sc-13pk1d4-0 bFwQzJ"
                    >
                      <div
                        class="StyledBox-sc-13pk1d4-0 bFwQzJ"
                      >
                        <a
                          class="AppShellNavLink"
                          href="/app-shell/reports"
                          style="text-decoration: none; font-weight: normal;"
                        >
                          <div
                            class="StyledBox-sc-13pk1d4-0 dSulpR"
                          >
                            <div
                              class="StyledBox-sc-13pk1d4-0 bFwQzJ NavLink__icon"
                            >
                              <span
                                class="StyledText-sc-1sadyjn-0 jlATGM"
                              >
                                <svg
                                  aria-label="DocumentPerformance"
                                  class="StyledIcon-ofa7kd-0 cQVwrT"
                                  viewBox="0 0 24 24"
                                >
                                  <path
                                    d="M4.99787498,8.99999999 L4.99787498,0.999999992 L19.4999998,0.999999992 L22.9999998,4.50000005 L23,23 L4,23 M18,1 L18,6 L23,6 M3,19 L8,14 L12,18 L18.5,11.5 M19,17.0003099 L19,11 L13,11"
                                    fill="none"
                                    stroke="#000"
                                    stroke-width="2"
                                  />
                                </svg>
                              </span>
                            </div>
                            <div
                              class="StyledBox__StyledBoxGap-sc-13pk1d4-1 hrkxnQ"
                            />
                            <div
                              class="StyledBox-sc-13pk1d4-0 iwLfhj NavLink__label"
                            >
                              <span
                                class="StyledText-sc-1sadyjn-0 jMqRbO"
                              >
                                Reports
                              </span>
                            </div>
                            <div
                              class="StyledBox__StyledBoxGap-sc-13pk1d4-1 hrkxnQ"
                            />
                            <div
                              class="StyledBox-sc-13pk1d4-0 bFwQzJ NavLink__secondaryIcon"
                            >
                              <span
                                class="StyledText-sc-1sadyjn-0 jlATGM"
                              >
                                <svg
                                  aria-label="Down"
                                  class="StyledIcon-ofa7kd-0 cQVwrT"
                                  viewBox="0 0 24 24"
                                >
                                  <polyline
                                    fill="none"
                                    points="7.086 3.174 17.086 13.174 7.086 23.174"
                                    stroke="#000"
                                    stroke-width="2"
                                    transform="scale(1 -1) rotate(-89 -1.32 0)"
                                  />
                                </svg>
                              </span>
                            </div>
                          </div>
                        </a>
                      </div>
                      <div
                        class="StyledBox__StyledBoxGap-sc-13pk1d4-1 gTfmlI"
                      />
                      <div
                        aria-hidden="true"
                        class="StyledBox-sc-13pk1d4-0 bFwQzJ Collapsible__AnimatedBox-sc-15kniua-0 bEdCNR"
                      >
                        <div
                          class="StyledBox-sc-13pk1d4-0 ifbjep"
                        >
                          <a
                            class="AppShellNavLink"
                            href="/app-shell/reports/week"
                            style="text-decoration: none; font-weight: normal;"
                          >
                            <div
                              class="StyledBox-sc-13pk1d4-0 dSulpR"
                            >
                              <div
                                class="StyledBox-sc-13pk1d4-0 ckgvNK NavLink__label"
                              >
                                <span
                                  class="StyledText-sc-1sadyjn-0 guiJsI"
                                >
                                  Weekly
                                </span>
                              </div>
                            </div>
                          </a>
                          <div
                            class="StyledBox__StyledBoxGap-sc-13pk1d4-1 gTfmlI"
                          />
                          <a
                            class="AppShellNavLink"
                            href="/app-shell/reports/month"
                            style="text-decoration: none; font-weight: normal;"
                          >
                            <div
                              class="StyledBox-sc-13pk1d4-0 dSulpR"
                            >
                              <div
                                class="StyledBox-sc-13pk1d4-0 ckgvNK NavLink__label"
                              >
                                <span
                                  class="StyledText-sc-1sadyjn-0 guiJsI"
                                >
                                  Monthly
                                </span>
                              </div>
                            </div>
                          </a>
                          <div
                            class="StyledBox__StyledBoxGap-sc-13pk1d4-1 gTfmlI"
                          />
                          <a
                            class="AppShellNavLink"
                            href="/app-shell/reports/quarter"
                            style="text-decoration: none; font-weight: normal;"
                          >
                            <div
                              class="StyledBox-sc-13pk1d4-0 dSulpR"
                            >
                              <div
                                class="StyledBox-sc-13pk1d4-0 ckgvNK NavLink__label"
                              >
                                <span
                                  class="StyledText-sc-1sadyjn-0 guiJsI"
                                >
                                  Quarterly
                                </span>
                              </div>
                            </div>
                          </a>
                          <div
                            class="StyledBox__StyledBoxGap-sc-13pk1d4-1 gTfmlI"
                          />
                          <a
                            class="AppShellNavLink"
                            href="/app-shell/reports/year"
                            style="text-decoration: none; font-weight: normal;"
                          >
                            <div
                              class="StyledBox-sc-13pk1d4-0 dSulpR"
                            >
                              <div
                                class="StyledBox-sc-13pk1d4-0 ckgvNK NavLink__label"
                              >
                                <span
                                  class="StyledText-sc-1sadyjn-0 guiJsI"
                                >
                                  Yearly
                                </span>
                              </div>
                            </div>
                          </a>
                        </div>
                      </div>
                    </div>
                  </div>
                </div>
                <div
                  class="StyledBox__StyledBoxGap-sc-13pk1d4-1 jxcSjk"
                />
                <div
                  class="StyledBox-sc-13pk1d4-0 bFwQzJ AppShellNavSection"
                >
                  <div
                    class="StyledBox-sc-13pk1d4-0 ddwlHv"
                  >
                    <span
                      class="StyledText-sc-1sadyjn-0 fNZrpW"
                    >
                      Second Section
                    </span>
                  </div>
                  <div
                    class="StyledBox__StyledBoxGap-sc-13pk1d4-1 bNUOfk"
                  />
                  <div
                    class="StyledBox-sc-13pk1d4-0 bFwQzJ"
                  >
                    <a
                      class="AppShellNavLink"
                      href="/app-shell/alerts"
                      style="text-decoration: none; font-weight: normal;"
                    >
                      <div
                        class="StyledBox-sc-13pk1d4-0 dSulpR"
                      >
                        <div
                          class="StyledBox-sc-13pk1d4-0 bFwQzJ NavLink__icon"
                        >
                          <span
                            class="StyledText-sc-1sadyjn-0 jlATGM"
                          >
                            <svg
                              aria-label="Alert"
                              class="StyledIcon-ofa7kd-0 cQVwrT"
                              viewBox="0 0 24 24"
                            >
                              <path
                                d="M12,17 L12,19 M12,10 L12,16 M12,3 L2,22 L22,22 L12,3 Z"
                                fill="none"
                                stroke="#000"
                                stroke-width="2"
                              />
                            </svg>
                          </span>
                        </div>
                        <div
                          class="StyledBox__StyledBoxGap-sc-13pk1d4-1 hrkxnQ"
                        />
                        <div
                          class="StyledBox-sc-13pk1d4-0 iwLfhj NavLink__label"
                        >
                          <span
                            class="StyledText-sc-1sadyjn-0 jMqRbO"
                          >
                            Alerts
                          </span>
                        </div>
                      </div>
                    </a>
                    <a
                      class="AppShellNavLink"
                      href="/app-shell/locations"
                      style="text-decoration: none; font-weight: normal;"
                    >
                      <div
                        class="StyledBox-sc-13pk1d4-0 dSulpR"
                      >
                        <div
                          class="StyledBox-sc-13pk1d4-0 bFwQzJ NavLink__icon"
                        >
                          <span
                            class="StyledText-sc-1sadyjn-0 jlATGM"
                          >
                            <svg
                              aria-label="Globe"
                              class="StyledIcon-ofa7kd-0 cQVwrT"
                              viewBox="0 0 24 24"
                            >
                              <path
                                d="M2,8 C2,8 5.5,9 7,10 C8.5,11 7.56437103,12.4191614 8,13 C8.43562897,13.5808386 10,12 10,15 C10,18 13,16 13,19 C13,22 15.5,21.5 16,20 C16.5,18.5 18.2333023,16.8664183 18,15 C17.7666977,13.1335817 17,12 15,12 C13,12 11.5,11.5 11,10 C10.5,8.5 14,8 13,5 C12,2 13,1 13,1 M23,12 C23,18.075 18.075,23 12,23 C5.925,23 1,18.075 1,12 C1,5.925 5.925,1 12,1 C18.075,1 23,5.925 23,12 L23,12 Z"
                                fill="none"
                                stroke="#000"
                                stroke-width="2"
                              />
                            </svg>
                          </span>
                        </div>
                        <div
                          class="StyledBox__StyledBoxGap-sc-13pk1d4-1 hrkxnQ"
                        />
                        <div
                          class="StyledBox-sc-13pk1d4-0 iwLfhj NavLink__label"
                        >
                          <span
                            class="StyledText-sc-1sadyjn-0 jMqRbO"
                          >
                            Locations
                          </span>
                        </div>
                      </div>
                    </a>
                    <a
                      class="AppShellNavLink"
                      href="/app-shell/settings"
                      style="text-decoration: none; font-weight: normal;"
                    >
                      <div
                        class="StyledBox-sc-13pk1d4-0 dSulpR"
                      >
                        <div
                          class="StyledBox-sc-13pk1d4-0 bFwQzJ NavLink__icon"
                        >
                          <span
                            class="StyledText-sc-1sadyjn-0 jlATGM"
                          >
                            <svg
                              aria-label="SettingsOption"
                              class="StyledIcon-ofa7kd-0 cQVwrT"
                              viewBox="0 0 24 24"
                            >
                              <path
                                d="M12,9 L12,0 M15,12 L24,12 M0,12 L9,12 M12,24 L12,15 M12,21 C16.9705627,21 21,16.9705627 21,12 C21,7.02943725 16.9705627,3 12,3 C7.02943725,3 3,7.02943725 3,12 C3,16.9705627 7.02943725,21 12,21 Z M3.5,8.5 L1,7.5 M20.5,15.5 L23,16.5 M3,3 L5.5,5.5 M3,3 L5.5,5.5 M18,18 L20.5,20.5 M20.5,3 L18,5.5 M5.5,18 L3,20.5 M12,15 C13.6568542,15 15,13.6568542 15,12 C15,10.3431458 13.6568542,9 12,9 C10.3431458,9 9,10.3431458 9,12 C9,13.6568542 10.3431458,15 12,15 Z M20.5,8.5 L23,7.5 M15.5,3.5 L16.5,1 M15.5,20.5 L16.5,23 M8.5,20.5 L7.5,23 M3.5,15.5 L1,16.5 M8.5,3.5 L7.5,1"
                                fill="none"
                                stroke="#000"
                                stroke-width="2"
                              />
                            </svg>
                          </span>
                        </div>
                        <div
                          class="StyledBox__StyledBoxGap-sc-13pk1d4-1 hrkxnQ"
                        />
                        <div
                          class="StyledBox-sc-13pk1d4-0 iwLfhj NavLink__label"
                        >
                          <span
                            class="StyledText-sc-1sadyjn-0 jMqRbO"
                          >
                            Settings
                          </span>
                        </div>
                      </div>
                    </a>
                  </div>
                </div>
              </nav>
            </div>
          </div>
        </div>
        <main
          class="StyledBox-sc-13pk1d4-0 lcOOub AppShellMain"
        >
          <p>
            Content for the AppShell
          </p>
        </main>
      </div>
    </div>
  </div>
</div>
`;
