// Jest Snapshot v1, https://goo.gl/fbAQLP

exports[`PageHeader can render 1`] = `
<div>
  <div
    class="StyledGrid-sc-1wofa1l-0 xUOVV PageHeader"
  >
    <h1
      class="StyledHeading-sc-1rdh4aw-0 cxHzQU"
    >
      Example of title
    </h1>
    <p
      class="StyledParagraph-tbetod-0 eYnGVp"
    >
      A short description about the page
    </p>
  </div>
</div>
`;
