// Jest Snapshot v1, https://goo.gl/fbAQLP

exports[`Home can render 1`] = `
<div>
  <div
    class="StyledBox-sc-13pk1d4-0 jqlWKB Home"
  >
    <div
      class="StyledGrid-sc-1wofa1l-0 hJQrCe PageHeader"
    >
      <h1
        class="StyledHeading-sc-1rdh4aw-0 cxHzQU"
      >
        Starter Apps
      </h1>
      <p
        class="StyledParagraph-tbetod-0 eYnGVp"
      >
        <span
          class="StyledText-sc-1sadyjn-0 DkZvS"
        >
          Example applications built with React and
           
          <a
            class="StyledAnchor-sc-1rp7lwl-0 eCyBYb"
            href="https://v2.grommet.io"
            target="_blank"
          >
            Grommet
          </a>
        </span>
      </p>
    </div>
    <div
      class="StyledBox-sc-13pk1d4-0 dvrejE"
    >
      <div
        class="StyledBox-sc-13pk1d4-0 bdGiUX"
      >
        <div
          class="StyledBox-sc-13pk1d4-0 bEnuwL"
        />
        <div
          class="StyledBox__StyledBoxGap-sc-13pk1d4-1 ffHQai"
        />
        <button
          aria-label="Open Drop"
          class="StyledButton-sc-323bzc-0 iZFCLM"
          type="button"
        >
          <div
            class="StyledBox-sc-13pk1d4-0 iQEJEP"
          >
            <svg
              aria-label="Filter"
              class="StyledIcon-ofa7kd-0 blPEoF"
              viewBox="0 0 24 24"
            >
              <polygon
                fill="none"
                points="3 6 10 13 10 21 14 21 14 13 21 6 21 3 3 3"
                stroke="#000"
                stroke-width="2"
              />
            </svg>
            <div
              class="StyledBox__StyledBoxGap-sc-13pk1d4-1 hjorfk"
            />
            filter
          </div>
        </button>
      </div>
      <div
        class="StyledBox-sc-13pk1d4-0 dvrejE"
        style="position: relative;"
      >
        <div
          class="StyledBox-sc-13pk1d4-0 dvrejE"
          style="position: absolute; top: 100%;"
        />
      </div>
    </div>
    <div
      class="StyledBox-sc-13pk1d4-0 dYebPD"
    />
  </div>
</div>
`;
