// Jest Snapshot v1, https://goo.gl/fbAQLP

exports[`ThemePicker can render 1`] = `
<div>
  <div
    class="StyledBox-sc-13pk1d4-0 dYebPD ThemePicker"
  >
    <span
      class="StyledText-sc-1sadyjn-0 dXXMHF"
    >
      theme
    </span>
    <button
      aria-label="Open Drop"
      class="StyledButton-sc-323bzc-0 ebqXLG Select__StyledSelectDropButton-sc-17idtfo-1 iGEQF"
      type="button"
    >
      <div
        class="StyledBox-sc-13pk1d4-0 jmuHez"
      >
        <div
          class="StyledBox-sc-13pk1d4-0 iAryDB"
        >
          <div
            class="StyledTextInput__StyledTextInputContainer-sc-1x30a0s-1 dpaJQp"
          >
            <input
              autocomplete="off"
              class="StyledTextInput-sc-1x30a0s-0 gDaIpF Select__SelectTextInput-sc-17idtfo-0 bIurki"
              readonly=""
              tabindex="-1"
              type="text"
              value=""
            />
          </div>
        </div>
        <div
          class="StyledBox-sc-13pk1d4-0 eA-DBEo"
          style="min-width: auto;"
        >
          <svg
            aria-label="FormDown"
            class="StyledIcon-ofa7kd-0 slgkV"
            viewBox="0 0 24 24"
          >
            <polyline
              fill="none"
              points="18 9 12 15 6 9"
              stroke="#000"
              stroke-width="2"
            />
          </svg>
        </div>
      </div>
    </button>
  </div>
</div>
`;
