// Jest Snapshot v1, https://goo.gl/fbAQLP

exports[`Can render AppShell 1`] = `
<div>
  <div
    class="StyledGrommet-sc-19lkkz7-0 gLnRNq AppShell"
  >
    <div
      class="StyledGrid-sc-1wofa1l-0 jvuyLD"
      style="height: 100vh;"
    >
      <header
        class="StyledBox-sc-13pk1d4-0 kWsDPM"
      >
        <div
          class="StyledGrid-sc-1wofa1l-0 bQzRzz"
        >
          <div
            class="StyledBox-sc-13pk1d4-0 ibVVqn"
          >
            <img
              class="StyledImage-ey4zx9-0 cHpGKY"
              src="/placeholder/img/logos/logo-white.png"
              style="max-height: 100%; max-width: 100%;"
            />
          </div>
          <div
            class="StyledBox-sc-13pk1d4-0 hTUfPL"
          >
            <button
              aria-label="Open Drop"
              class="StyledButton-sc-323bzc-0 kzgbHY"
              type="button"
            >
              <svg
                aria-label="Search"
                class="StyledIcon-ofa7kd-0 erQelf"
                viewBox="0 0 24 24"
              >
                <path
                  d="M15,15 L22,22 L15,15 Z M9.5,17 C13.6421356,17 17,13.6421356 17,9.5 C17,5.35786438 13.6421356,2 9.5,2 C5.35786438,2 2,5.35786438 2,9.5 C2,13.6421356 5.35786438,17 9.5,17 Z"
                  fill="none"
                  stroke="#000"
                  stroke-width="2"
                />
              </svg>
            </button>
            <div
              class="StyledBox__StyledBoxGap-sc-13pk1d4-1 cFagND"
            />
            <button
              aria-label="Open Drop"
              class="StyledButton-sc-323bzc-0 kzgbHY"
              type="button"
            >
              <div
                class="StyledBox-sc-13pk1d4-0 bFwQzJ"
              >
                <div
                  class="StyledStack-ajspsk-0 liEjfH"
                >
                  <div
                    class="StyledStack__StyledStackLayer-ajspsk-1 eFfYoG"
                  >
                    <div
                      class="StyledBox-sc-13pk1d4-0 bFwQzJ"
                    >
                      <svg
                        aria-label="Notification"
                        class="StyledIcon-ofa7kd-0 erQelf"
                        viewBox="0 0 24 24"
                      >
                        <path
                          d="M4,19 L4,9 C4,4.582 7.582,1 12,1 C16.418,1 20,4.582 20,9 L20,19 M1,19 L23,19 M15,19 L15,20 C15,21.657 13.657,23 12,23 C10.343,23 9,21.657 9,20 L9,19"
                          fill="none"
                          stroke="#000"
                          stroke-width="2"
                        />
                      </svg>
                    </div>
                  </div>
                  <div
                    class="StyledStack__StyledStackLayer-ajspsk-1 bhQrqd"
                  >
                    <div
                      class="StyledBox-sc-13pk1d4-0 hpVVmJ"
                    >
                      <span
                        class="StyledText-sc-1sadyjn-0 embPsE"
                      >
                        1
                      </span>
                    </div>
                  </div>
                </div>
              </div>
            </button>
            <div
              class="StyledBox__StyledBoxGap-sc-13pk1d4-1 cFagND"
            />
            <button
              aria-label="Open Drop"
              class="StyledButton-sc-323bzc-0 kzgbHY"
              type="button"
            >
              <div
                class="StyledBox-sc-13pk1d4-0 bFwQzJ"
              >
                <div
                  class="StyledStack-ajspsk-0 liEjfH"
                >
                  <div
                    class="StyledStack__StyledStackLayer-ajspsk-1 eFfYoG"
                  >
                    <div
                      class="StyledBox-sc-13pk1d4-0 bFwQzJ"
                    >
                      <svg
                        aria-label="ChatOption"
                        class="StyledIcon-ofa7kd-0 erQelf"
                        viewBox="0 0 24 24"
                      >
                        <path
                          d="M9,7 L9,1 L23,1 L23,11 L20,11 L20,16 L15,12 M1,7 L15,7 L15,18 L9,18 L4,22 L4,18 L1,18 L1,7 Z"
                          fill="none"
                          stroke="#000"
                          stroke-width="2"
                        />
                      </svg>
                    </div>
                  </div>
                  <div
                    class="StyledStack__StyledStackLayer-ajspsk-1 bhQrqd"
                  >
                    <div
                      class="StyledBox-sc-13pk1d4-0 hpVVmJ"
                    >
                      <span
                        class="StyledText-sc-1sadyjn-0 embPsE"
                      >
                        1
                      </span>
                    </div>
                  </div>
                </div>
              </div>
            </button>
            <div
              class="StyledBox__StyledBoxGap-sc-13pk1d4-1 cFagND"
            />
            <button
              aria-label="Open Drop"
              class="StyledButton-sc-323bzc-0 kzgbHY"
              type="button"
            >
              <div
                class="StyledBox-sc-13pk1d4-0 bFwQzJ"
              >
                <div
                  class="StyledStack-ajspsk-0 liEjfH"
                >
                  <div
                    class="StyledStack__StyledStackLayer-ajspsk-1 eFfYoG"
                  >
                    <div
                      class="StyledBox-sc-13pk1d4-0 bFwQzJ"
                    >
                      <svg
                        aria-label="Cart"
                        class="StyledIcon-ofa7kd-0 erQelf"
                        viewBox="0 0 24 24"
                      >
                        <path
                          d="M5,5 L22,5 L20,14 L7,14 L4,2 L0,2 M7,14 L8,18 L21,18 M19,23 C18.4475,23 18,22.5525 18,22 C18,21.4475 18.4475,21 19,21 C19.5525,21 20,21.4475 20,22 C20,22.5525 19.5525,23 19,23 Z M9,23 C8.4475,23 8,22.5525 8,22 C8,21.4475 8.4475,21 9,21 C9.5525,21 10,21.4475 10,22 C10,22.5525 9.5525,23 9,23 Z"
                          fill="none"
                          stroke="#000"
                          stroke-width="2"
                        />
                      </svg>
                    </div>
                  </div>
                  <div
                    class="StyledStack__StyledStackLayer-ajspsk-1 bhQrqd"
                  >
                    <div
                      class="StyledBox-sc-13pk1d4-0 hpVVmJ"
                    >
                      <span
                        class="StyledText-sc-1sadyjn-0 embPsE"
                      >
                        1
                      </span>
                    </div>
                  </div>
                </div>
              </div>
            </button>
            <div
              class="StyledBox__StyledBoxGap-sc-13pk1d4-1 cFagND"
            />
            <button
              aria-label="Open Drop"
              class="StyledButton-sc-323bzc-0 kzgbHY"
              type="button"
            >
              <div
                class="StyledBox-sc-13pk1d4-0 eQJNso StyledAvatar-sc-1suyamb-1 juEsgd"
              />
            </button>
          </div>
        </div>
      </header>
      <div
        class="StyledBox-sc-13pk1d4-0 joYsPB"
      >
        <div
          class="StyledBox-sc-13pk1d4-0 jwQkzn"
        >
          <div
            class="StyledBox-sc-13pk1d4-0 bFwQzJ"
          >
            <nav
              class="StyledBox-sc-13pk1d4-0 gzfjUM AppShellNav"
            >
              <div
                class="StyledBox-sc-13pk1d4-0 bFwQzJ AppShellNavSection"
              >
                <div
                  class="StyledBox-sc-13pk1d4-0 bwHqck"
                >
                  <span
                    class="StyledText-sc-1sadyjn-0 ifkfFt"
                  >
                    Apps
                  </span>
                </div>
                <div
                  class="StyledBox__StyledBoxGap-sc-13pk1d4-1 gKfIRO"
                />
                <div
                  class="StyledBox-sc-13pk1d4-0 bFwQzJ"
                >
                  <a
                    class="NavLink"
                    href="/calendar"
                    style="text-decoration: none; font-weight: 600; color: rgb(238, 238, 238);"
                  >
                    <div
                      class="StyledBox-sc-13pk1d4-0 fUHdFl"
                    >
                      <div
                        class="StyledBox-sc-13pk1d4-0 bFwQzJ NavLink__icon"
                      >
                        <span
                          class="StyledText-sc-1sadyjn-0 cRKSWV"
                        >
                          <svg
                            aria-label="Calendar"
                            class="StyledIcon-ofa7kd-0 igbPDn"
                            viewBox="0 0 24 24"
                          >
                            <path
                              d="M2,5 L22,5 L22,22 L2,22 L2,5 Z M18,5 L18,1 M6,5 L6,1 M2,10 L22,10"
                              fill="none"
                              stroke="#000"
                              stroke-width="2"
                            />
                          </svg>
                        </span>
                      </div>
                      <div
                        class="StyledBox__StyledBoxGap-sc-13pk1d4-1 cFagND"
                      />
                      <div
                        class="StyledBox-sc-13pk1d4-0 cxEGQM NavLink__label"
                      >
                        <span
                          class="StyledText-sc-1sadyjn-0 cYEaOO"
                        >
                          Calendar
                        </span>
                      </div>
                    </div>
                  </a>
                  <a
                    class="NavLink"
                    href="/chat"
                    style="text-decoration: none; font-weight: 600; color: rgb(238, 238, 238);"
                  >
                    <div
                      class="StyledBox-sc-13pk1d4-0 fUHdFl"
                    >
                      <div
                        class="StyledBox-sc-13pk1d4-0 bFwQzJ NavLink__icon"
                      >
                        <span
                          class="StyledText-sc-1sadyjn-0 cRKSWV"
                        >
                          <svg
                            aria-label="Chat"
                            class="StyledIcon-ofa7kd-0 igbPDn"
                            viewBox="0 0 24 24"
                          >
                            <path
                              d="M5,1 L19,1 L19,1 C21.209139,1 23,2.790861 23,5 L23,13 L23,13 C23,15.209139 21.209139,17 19,17 L7,17 L1,22 L1,5 L1,5 C1,2.790861 2.790861,1 5,1 Z M5,7 L18,7 M5,11 L14,11"
                              fill="none"
                              stroke="#000000"
                              stroke-width="2"
                              transform="matrix(-1 0 0 1 24 0)"
                            />
                          </svg>
                        </span>
                      </div>
                      <div
                        class="StyledBox__StyledBoxGap-sc-13pk1d4-1 cFagND"
                      />
                      <div
                        class="StyledBox-sc-13pk1d4-0 cxEGQM NavLink__label"
                      >
                        <span
                          class="StyledText-sc-1sadyjn-0 cYEaOO"
                        >
                          Chat
                        </span>
                      </div>
                    </div>
                  </a>
                  <div
                    class="StyledBox-sc-13pk1d4-0 bFwQzJ"
                  >
                    <div
                      class="StyledBox-sc-13pk1d4-0 bFwQzJ"
                    >
                      <a
                        class="NavLink"
                        href="/commerce"
                        style="text-decoration: none; font-weight: 600; color: rgb(238, 238, 238);"
                      >
                        <div
                          class="StyledBox-sc-13pk1d4-0 fUHdFl"
                        >
                          <div
                            class="StyledBox-sc-13pk1d4-0 bFwQzJ NavLink__icon"
                          >
                            <span
                              class="StyledText-sc-1sadyjn-0 cRKSWV"
                            >
                              <svg
                                aria-label="Shop"
                                class="StyledIcon-ofa7kd-0 igbPDn"
                                viewBox="0 0 24 24"
                              >
                                <path
                                  d="M4,7 L20,7 L20,23 L4,23 L4,7 Z M8,9 L8,5 C8,2.790861 9.79535615,1 12,1 L12,1 C14.209139,1 16,2.79535615 16,5 L16,9"
                                  fill="none"
                                  stroke="#000"
                                  stroke-linecap="round"
                                  stroke-width="2"
                                />
                              </svg>
                            </span>
                          </div>
                          <div
                            class="StyledBox__StyledBoxGap-sc-13pk1d4-1 cFagND"
                          />
                          <div
                            class="StyledBox-sc-13pk1d4-0 cxEGQM NavLink__label"
                          >
                            <span
                              class="StyledText-sc-1sadyjn-0 cYEaOO"
                            >
                              Commerce
                            </span>
                          </div>
                          <div
                            class="StyledBox__StyledBoxGap-sc-13pk1d4-1 cFagND"
                          />
                          <div
                            class="StyledBox-sc-13pk1d4-0 bFwQzJ NavLink__secondaryIcon"
                          >
                            <span
                              class="StyledText-sc-1sadyjn-0 cRKSWV"
                            >
                              <svg
                                aria-label="Down"
                                class="StyledIcon-ofa7kd-0 cqmoZf"
                                viewBox="0 0 24 24"
                              >
                                <polyline
                                  fill="none"
                                  points="7.086 3.174 17.086 13.174 7.086 23.174"
                                  stroke="#000"
                                  stroke-width="2"
                                  transform="scale(1 -1) rotate(-89 -1.32 0)"
                                />
                              </svg>
                            </span>
                          </div>
                        </div>
                      </a>
                    </div>
                    <div
                      class="StyledBox__StyledBoxGap-sc-13pk1d4-1 cxqug"
                    />
                    <div
                      aria-hidden="true"
                      class="StyledBox-sc-13pk1d4-0 bFwQzJ Collapsible__AnimatedBox-sc-15kniua-0 bEdCNR"
                    >
                      <div
                        class="StyledBox-sc-13pk1d4-0 gKYPTJ"
                      >
                        <a
                          class="NavLink"
                          href="/commerce/store"
                          style="text-decoration: none; font-weight: 600; color: rgb(238, 238, 238);"
                        >
                          <div
                            class="StyledBox-sc-13pk1d4-0 fUHdFl"
                          >
                            <div
                              class="StyledBox-sc-13pk1d4-0 dVjplb NavLink__label"
                            >
                              <span
                                class="StyledText-sc-1sadyjn-0 czRRQb"
                              >
                                Store
                              </span>
                            </div>
                          </div>
                        </a>
                        <div
                          class="StyledBox__StyledBoxGap-sc-13pk1d4-1 cxqug"
                        />
                        <a
                          class="NavLink"
                          href="/commerce/checkout"
                          style="text-decoration: none; font-weight: 600; color: rgb(238, 238, 238);"
                        >
                          <div
                            class="StyledBox-sc-13pk1d4-0 fUHdFl"
                          >
                            <div
                              class="StyledBox-sc-13pk1d4-0 dVjplb NavLink__label"
                            >
                              <span
                                class="StyledText-sc-1sadyjn-0 czRRQb"
                              >
                                Checkout
                              </span>
                            </div>
                          </div>
                        </a>
                        <div
                          class="StyledBox__StyledBoxGap-sc-13pk1d4-1 cxqug"
                        />
                        <a
                          class="NavLink"
                          href="/commerce/cart"
                          style="text-decoration: none; font-weight: 600; color: rgb(238, 238, 238);"
                        >
                          <div
                            class="StyledBox-sc-13pk1d4-0 fUHdFl"
                          >
                            <div
                              class="StyledBox-sc-13pk1d4-0 dVjplb NavLink__label"
                            >
                              <span
                                class="StyledText-sc-1sadyjn-0 czRRQb"
                              >
                                Cart
                              </span>
                            </div>
                          </div>
                        </a>
                      </div>
                    </div>
                  </div>
                  <a
                    class="NavLink"
                    href="/contacts"
                    style="text-decoration: none; font-weight: 600; color: rgb(238, 238, 238);"
                  >
                    <div
                      class="StyledBox-sc-13pk1d4-0 fUHdFl"
                    >
                      <div
                        class="StyledBox-sc-13pk1d4-0 bFwQzJ NavLink__icon"
                      >
                        <span
                          class="StyledText-sc-1sadyjn-0 cRKSWV"
                        >
                          <svg
                            aria-label="ContactInfo"
                            class="StyledIcon-ofa7kd-0 igbPDn"
                            viewBox="0 0 24 24"
                          >
                            <path
                              d="M5,12 C3.343,12 2,10.657 2,9 C2,7.343 3.343,6 5,6 C6.657,6 8,7.343 8,9 C8,10.657 6.657,12 5,12 Z M9,18 L9,16 C9,13.7504 7.2128,12 4.964,12 L5.0184,12 C2.7688,12 1,13.7504 1,16 L1,18 M12,7 L24,7 M12,17 L22,17 M12,12 L19,12"
                              fill="none"
                              stroke="#000"
                              stroke-width="2"
                            />
                          </svg>
                        </span>
                      </div>
                      <div
                        class="StyledBox__StyledBoxGap-sc-13pk1d4-1 cFagND"
                      />
                      <div
                        class="StyledBox-sc-13pk1d4-0 cxEGQM NavLink__label"
                      >
                        <span
                          class="StyledText-sc-1sadyjn-0 cYEaOO"
                        >
                          Contacts
                        </span>
                      </div>
                    </div>
                  </a>
                  <a
                    class="NavLink"
                    href="/dashboard"
                    style="text-decoration: none; font-weight: 600; color: rgb(238, 238, 238);"
                  >
                    <div
                      class="StyledBox-sc-13pk1d4-0 fUHdFl"
                    >
                      <div
                        class="StyledBox-sc-13pk1d4-0 bFwQzJ NavLink__icon"
                      >
                        <span
                          class="StyledText-sc-1sadyjn-0 cRKSWV"
                        >
                          <svg
                            aria-label="Dashboard"
                            class="StyledIcon-ofa7kd-0 igbPDn"
                            viewBox="0 0 24 24"
                          >
                            <path
                              d="M12,22 C17.5228475,22 22,17.5228475 22,12 C22,6.4771525 17.5228475,2 12,2 C6.4771525,2 2,6.4771525 2,12 C2,17.5228475 6.4771525,22 12,22 Z M15,16 C15,14.3431458 13.6568542,13 12,13 C10.3431458,13 9,14.3431458 9,16 M5,5 L7,7 M12,7 L12,13 M12,3 L12,5 M19,12 L21,12 M3,12 L5,12 M17,7 L19,5 M3,17 L21,17"
                              fill="none"
                              stroke="#000"
                              stroke-width="2"
                            />
                          </svg>
                        </span>
                      </div>
                      <div
                        class="StyledBox__StyledBoxGap-sc-13pk1d4-1 cFagND"
                      />
                      <div
                        class="StyledBox-sc-13pk1d4-0 cxEGQM NavLink__label"
                      >
                        <span
                          class="StyledText-sc-1sadyjn-0 cYEaOO"
                        >
                          Dashboard
                        </span>
                      </div>
                    </div>
                  </a>
                  <a
                    class="NavLink"
                    href="/email"
                    style="text-decoration: none; font-weight: 600; color: rgb(238, 238, 238);"
                  >
                    <div
                      class="StyledBox-sc-13pk1d4-0 fUHdFl"
                    >
                      <div
                        class="StyledBox-sc-13pk1d4-0 bFwQzJ NavLink__icon"
                      >
                        <span
                          class="StyledText-sc-1sadyjn-0 cRKSWV"
                        >
                          <svg
                            aria-label="Mail"
                            class="StyledIcon-ofa7kd-0 igbPDn"
                            viewBox="0 0 24 24"
                          >
                            <path
                              d="M23,20 L23,6 L12,15 L1,6 L1,20 L23,20 Z M12,12 L22,4 L2,4 L12,12 Z"
                              fill="#01A982"
                              fill-rule="evenodd"
                            />
                          </svg>
                        </span>
                      </div>
                      <div
                        class="StyledBox__StyledBoxGap-sc-13pk1d4-1 cFagND"
                      />
                      <div
                        class="StyledBox-sc-13pk1d4-0 cxEGQM NavLink__label"
                      >
                        <span
                          class="StyledText-sc-1sadyjn-0 cYEaOO"
                        >
                          Email
                        </span>
                      </div>
                    </div>
                  </a>
                  <a
                    class="NavLink"
                    href="/notes"
                    style="text-decoration: none; font-weight: 600; color: rgb(238, 238, 238);"
                  >
                    <div
                      class="StyledBox-sc-13pk1d4-0 fUHdFl"
                    >
                      <div
                        class="StyledBox-sc-13pk1d4-0 bFwQzJ NavLink__icon"
                      >
                        <span
                          class="StyledText-sc-1sadyjn-0 cRKSWV"
                        >
                          <svg
                            aria-label="Notes"
                            class="StyledIcon-ofa7kd-0 igbPDn"
                            viewBox="0 0 24 24"
                          >
                            <path
                              d="M3,1 L3,23 L16,23 L21,18 L21,1 L3,1 Z M6,17 L11,17 M6,13 L18,13 M6,9 L16,9 M3,5 L21,5 M21,17 L15,17 L15,23"
                              fill="none"
                              stroke="#000"
                              stroke-width="2"
                            />
                          </svg>
                        </span>
                      </div>
                      <div
                        class="StyledBox__StyledBoxGap-sc-13pk1d4-1 cFagND"
                      />
                      <div
                        class="StyledBox-sc-13pk1d4-0 cxEGQM NavLink__label"
                      >
                        <span
                          class="StyledText-sc-1sadyjn-0 cYEaOO"
                        >
                          Notes
                        </span>
                      </div>
                    </div>
                  </a>
                  <a
                    class="NavLink"
                    href="/profile"
                    style="text-decoration: none; font-weight: 600; color: rgb(238, 238, 238);"
                  >
                    <div
                      class="StyledBox-sc-13pk1d4-0 fUHdFl"
                    >
                      <div
                        class="StyledBox-sc-13pk1d4-0 bFwQzJ NavLink__icon"
                      >
                        <span
                          class="StyledText-sc-1sadyjn-0 cRKSWV"
                        >
                          <svg
                            aria-label="User"
                            class="StyledIcon-ofa7kd-0 igbPDn"
                            viewBox="0 0 24 24"
                          >
                            <path
                              d="M8,24 L8,19 M16,24 L16,19 M3,24 L3,19 C3,14.0294373 7.02943725,11 12,11 C16.9705627,11 21,14.0294373 21,19 L21,24 M12,11 C14.7614237,11 17,8.76142375 17,6 C17,3.23857625 14.7614237,1 12,1 C9.23857625,1 7,3.23857625 7,6 C7,8.76142375 9.23857625,11 12,11 Z"
                              fill="none"
                              stroke="#000"
                              stroke-width="2"
                            />
                          </svg>
                        </span>
                      </div>
                      <div
                        class="StyledBox__StyledBoxGap-sc-13pk1d4-1 cFagND"
                      />
                      <div
                        class="StyledBox-sc-13pk1d4-0 cxEGQM NavLink__label"
                      >
                        <span
                          class="StyledText-sc-1sadyjn-0 cYEaOO"
                        >
                          Profile
                        </span>
                      </div>
                    </div>
                  </a>
                  <a
                    class="NavLink"
                    href="/project-manager"
                    style="text-decoration: none; font-weight: 600; color: rgb(238, 238, 238);"
                  >
                    <div
                      class="StyledBox-sc-13pk1d4-0 fUHdFl"
                    >
                      <div
                        class="StyledBox-sc-13pk1d4-0 bFwQzJ NavLink__icon"
                      >
                        <span
                          class="StyledText-sc-1sadyjn-0 cRKSWV"
                        >
                          <svg
                            aria-label="Tasks"
                            class="StyledIcon-ofa7kd-0 igbPDn"
                            viewBox="0 0 24 24"
                          >
                            <path
                              d="M1,3 L23,3 L23,7 L1,7 L1,3 Z M1,10 L23,10 L23,14 L1,14 L1,10 Z M1,17 L23,17 L23,21 L1,21 L1,17 Z M1,4 L16,4 L16,6 L1,6 L1,4 Z M1,11 L6,11 L6,13 L1,13 L1,11 Z M1,18 L11,18 L11,20 L1,20 L1,18 Z"
                              fill="none"
                              stroke="#000"
                              stroke-width="2"
                            />
                          </svg>
                        </span>
                      </div>
                      <div
                        class="StyledBox__StyledBoxGap-sc-13pk1d4-1 cFagND"
                      />
                      <div
                        class="StyledBox-sc-13pk1d4-0 cxEGQM NavLink__label"
                      >
                        <span
                          class="StyledText-sc-1sadyjn-0 cYEaOO"
                        >
                          Project Manager
                        </span>
                      </div>
                    </div>
                  </a>
                </div>
              </div>
              <div
                class="StyledBox__StyledBoxGap-sc-13pk1d4-1 bGbtOd"
              />
              <div
                class="StyledBox-sc-13pk1d4-0 bFwQzJ AppShellNavSection"
              >
                <div
                  class="StyledBox-sc-13pk1d4-0 bwHqck"
                >
                  <span
                    class="StyledText-sc-1sadyjn-0 ifkfFt"
                  >
                    Components
                  </span>
                </div>
                <div
                  class="StyledBox__StyledBoxGap-sc-13pk1d4-1 gKfIRO"
                />
                <div
                  class="StyledBox-sc-13pk1d4-0 bFwQzJ"
                />
              </div>
              <div
                class="StyledBox__StyledBoxGap-sc-13pk1d4-1 bGbtOd"
              />
              <div
                class="StyledBox-sc-13pk1d4-0 bFwQzJ AppShellNavSection"
              >
                <div
                  class="StyledBox-sc-13pk1d4-0 bwHqck"
                >
                  <span
                    class="StyledText-sc-1sadyjn-0 ifkfFt"
                  >
                    Tools
                  </span>
                </div>
                <div
                  class="StyledBox__StyledBoxGap-sc-13pk1d4-1 gKfIRO"
                />
                <div
                  class="StyledBox-sc-13pk1d4-0 bFwQzJ"
                >
                  <a
                    class="NavLink"
                    href="/layout-generator"
                    style="text-decoration: none; font-weight: 600; color: rgb(238, 238, 238);"
                  >
                    <div
                      class="StyledBox-sc-13pk1d4-0 fUHdFl"
                    >
                      <div
                        class="StyledBox-sc-13pk1d4-0 bFwQzJ NavLink__icon"
                      >
                        <span
                          class="StyledText-sc-1sadyjn-0 cRKSWV"
                        >
                          <svg
                            aria-label="Template"
                            class="StyledIcon-ofa7kd-0 igbPDn"
                            viewBox="0 0 24 24"
                          >
                            <path
                              d="M1,3 L23,3 L23,21 L1,21 L1,3 Z M1,8 L23,8 M7,8 L7,21"
                              fill="none"
                              stroke="#000"
                              stroke-width="2"
                            />
                          </svg>
                        </span>
                      </div>
                      <div
                        class="StyledBox__StyledBoxGap-sc-13pk1d4-1 cFagND"
                      />
                      <div
                        class="StyledBox-sc-13pk1d4-0 cxEGQM NavLink__label"
                      >
                        <span
                          class="StyledText-sc-1sadyjn-0 cYEaOO"
                        >
                          Layout Generator
                        </span>
                      </div>
                    </div>
                  </a>
                </div>
              </div>
            </nav>
          </div>
        </div>
      </div>
      <main
        class="StyledBox-sc-13pk1d4-0 dIlYHd"
      >
        <p>
          Content for the AppShell
        </p>
      </main>
    </div>
  </div>
</div>
`;
