// Jest Snapshot v1, https://goo.gl/fbAQLP

exports[`ImageEditor can render 1`] = `
<div>
  <div
    class="ErrorBoundary"
  >
    <div
      class="StyledGrommet-sc-19lkkz7-0 djOnwZ"
    >
      <div
        class="StyledBox-sc-13pk1d4-0 dYebPD ImageEditor"
      >
        <div
          class="StyledBox-sc-13pk1d4-0 dYebPD ImageEditorMain"
        >
          <div
            class="StyledBox-sc-13pk1d4-0 giJDfc ImageEditorCanvas"
          >
            <div
              class="StyledBox-sc-13pk1d4-0 bxevCE"
            >
              <canvas
                style="min-width: 800px; max-width: 800px; min-height: 533px; max-height: 533px;"
              >
                Could not load canvas
              </canvas>
            </div>
          </div>
          <div
            class="StyledBox-sc-13pk1d4-0 dYebPD ImageEditorFooter"
          >
            <div
              class="StyledBox-sc-13pk1d4-0 dYebPD"
            />
            <div
              class="StyledBox-sc-13pk1d4-0 gaMuRK"
            >
              <div
                class="StyledBox-sc-13pk1d4-0 cUsvtw"
              >
                <div
                  class="StyledBox-sc-13pk1d4-0 bNedl"
                >
                  <button
                    aria-label="Open Drop"
                    class="StyledButton-sc-323bzc-0 eIqAvo"
                    name="blur"
                    type="button"
                  >
                    Blur
                  </button>
                  <div
                    class="StyledBox__StyledBoxGap-sc-13pk1d4-1 bUcUJh"
                  />
                  <button
                    aria-label="Open Drop"
                    class="StyledButton-sc-323bzc-0 eIqAvo"
                    name="brightness"
                    type="button"
                  >
                    Brightness
                  </button>
                  <div
                    class="StyledBox__StyledBoxGap-sc-13pk1d4-1 bUcUJh"
                  />
                  <button
                    aria-label="Open Drop"
                    class="StyledButton-sc-323bzc-0 eIqAvo"
                    name="contrast"
                    type="button"
                  >
                    Contrast
                  </button>
                  <div
                    class="StyledBox__StyledBoxGap-sc-13pk1d4-1 bUcUJh"
                  />
                  <button
                    aria-label="Open Drop"
                    class="StyledButton-sc-323bzc-0 eIqAvo"
                    name="grayscale"
                    type="button"
                  >
                    Grayscale
                  </button>
                  <div
                    class="StyledBox__StyledBoxGap-sc-13pk1d4-1 bUcUJh"
                  />
                  <button
                    aria-label="Open Drop"
                    class="StyledButton-sc-323bzc-0 eIqAvo"
                    name="hue"
                    type="button"
                  >
                    Hue
                  </button>
                  <div
                    class="StyledBox__StyledBoxGap-sc-13pk1d4-1 bUcUJh"
                  />
                  <button
                    aria-label="Open Drop"
                    class="StyledButton-sc-323bzc-0 eIqAvo"
                    name="invert"
                    type="button"
                  >
                    Invert
                  </button>
                  <div
                    class="StyledBox__StyledBoxGap-sc-13pk1d4-1 bUcUJh"
                  />
                  <button
                    aria-label="Open Drop"
                    class="StyledButton-sc-323bzc-0 eIqAvo"
                    name="opacity"
                    type="button"
                  >
                    Opacity
                  </button>
                  <div
                    class="StyledBox__StyledBoxGap-sc-13pk1d4-1 bUcUJh"
                  />
                  <button
                    aria-label="Open Drop"
                    class="StyledButton-sc-323bzc-0 eIqAvo"
                    name="saturate"
                    type="button"
                  >
                    Saturate
                  </button>
                  <div
                    class="StyledBox__StyledBoxGap-sc-13pk1d4-1 bUcUJh"
                  />
                  <button
                    aria-label="Open Drop"
                    class="StyledButton-sc-323bzc-0 eIqAvo"
                    name="sepia"
                    type="button"
                  >
                    Sepia
                  </button>
                </div>
              </div>
            </div>
          </div>
        </div>
      </div>
    </div>
  </div>
</div>
`;
