// Jest Snapshot v1, https://goo.gl/fbAQLP

exports[`Checkout can render 1`] = `
<div>
  <div
    class="ErrorBoundary"
  >
    <div
      class="StyledGrommet-sc-19lkkz7-0 lcXYAf"
    >
      <div
        class="StyledBox-sc-13pk1d4-0 hxmNSw"
      >
        <h1
          class="StyledHeading-sc-1rdh4aw-0 hbIQiB"
        >
          Order
        </h1>
        <form>
          <div
            class="StyledBox-sc-13pk1d4-0 bIdaiR"
          >
            <div
              class="StyledBox-sc-13pk1d4-0 caSSos"
            >
              <h4
                class="StyledHeading-sc-1rdh4aw-0 fwxVsO"
              >
                Billing Details
              </h4>
              <div
                class="StyledBox__StyledBoxGap-sc-13pk1d4-1 jxcSjk"
              />
              <div
                class="StyledBox-sc-13pk1d4-0 bIdaiR"
              >
                <div
                  class="StyledBox-sc-13pk1d4-0 dtCrhk FormField__FormFieldBox-m9hood-0 eenrNp"
                >
                  <label
                    class="StyledText-sc-1sadyjn-0 hPvfbL"
                  >
                    First Name
                  </label>
                  <div
                    class="StyledBox-sc-13pk1d4-0 brKoju FormField__FormFieldContentBox-m9hood-1 ckZStK"
                  >
                    <div
                      class="StyledTextInput__StyledTextInputContainer-sc-1x30a0s-1 ksQrmr"
                    >
                      <input
                        autocomplete="off"
                        class="StyledTextInput-sc-1x30a0s-0 fVbmbP"
                        name="firstName"
                        value=""
                      />
                    </div>
                  </div>
                </div>
                <div
                  class="StyledBox__StyledBoxGap-sc-13pk1d4-1 bRyuLk"
                />
                <div
                  class="StyledBox-sc-13pk1d4-0 dtCrhk FormField__FormFieldBox-m9hood-0 eenrNp"
                >
                  <label
                    class="StyledText-sc-1sadyjn-0 hPvfbL"
                  >
                    Last Name
                  </label>
                  <div
                    class="StyledBox-sc-13pk1d4-0 brKoju FormField__FormFieldContentBox-m9hood-1 ckZStK"
                  >
                    <div
                      class="StyledTextInput__StyledTextInputContainer-sc-1x30a0s-1 ksQrmr"
                    >
                      <input
                        autocomplete="off"
                        class="StyledTextInput-sc-1x30a0s-0 fVbmbP"
                        name="lastName"
                        value=""
                      />
                    </div>
                  </div>
                </div>
              </div>
              <div
                class="StyledBox__StyledBoxGap-sc-13pk1d4-1 jxcSjk"
              />
              <div
                class="StyledBox-sc-13pk1d4-0 bFwQzJ"
              >
                <div
                  class="StyledBox-sc-13pk1d4-0 dtCrhk FormField__FormFieldBox-m9hood-0 eenrNp"
                >
                  <label
                    class="StyledText-sc-1sadyjn-0 hPvfbL"
                  >
                    Company Name
                  </label>
                  <div
                    class="StyledBox-sc-13pk1d4-0 brKoju FormField__FormFieldContentBox-m9hood-1 ckZStK"
                  >
                    <div
                      class="StyledTextInput__StyledTextInputContainer-sc-1x30a0s-1 ksQrmr"
                    >
                      <input
                        autocomplete="off"
                        class="StyledTextInput-sc-1x30a0s-0 fVbmbP"
                        name="companyName"
                        value=""
                      />
                    </div>
                  </div>
                </div>
              </div>
              <div
                class="StyledBox__StyledBoxGap-sc-13pk1d4-1 jxcSjk"
              />
              <div
                class="StyledBox-sc-13pk1d4-0 bIdaiR"
              >
                <div
                  class="StyledBox-sc-13pk1d4-0 dtCrhk FormField__FormFieldBox-m9hood-0 eenrNp"
                >
                  <label
                    class="StyledText-sc-1sadyjn-0 hPvfbL"
                  >
                    Email
                  </label>
                  <div
                    class="StyledBox-sc-13pk1d4-0 brKoju FormField__FormFieldContentBox-m9hood-1 ckZStK"
                  >
                    <div
                      class="StyledTextInput__StyledTextInputContainer-sc-1x30a0s-1 ksQrmr"
                    >
                      <input
                        autocomplete="off"
                        class="StyledTextInput-sc-1x30a0s-0 fVbmbP"
                        name="email"
                        value=""
                      />
                    </div>
                  </div>
                </div>
                <div
                  class="StyledBox__StyledBoxGap-sc-13pk1d4-1 bRyuLk"
                />
                <div
                  class="StyledBox-sc-13pk1d4-0 dtCrhk FormField__FormFieldBox-m9hood-0 eenrNp"
                >
                  <label
                    class="StyledText-sc-1sadyjn-0 hPvfbL"
                  >
                    Mobile
                  </label>
                  <div
                    class="StyledBox-sc-13pk1d4-0 brKoju FormField__FormFieldContentBox-m9hood-1 ckZStK"
                  >
                    <div
                      class="StyledTextInput__StyledTextInputContainer-sc-1x30a0s-1 ksQrmr"
                    >
                      <input
                        autocomplete="off"
                        class="StyledTextInput-sc-1x30a0s-0 fVbmbP"
                        name="mobile"
                        value=""
                      />
                    </div>
                  </div>
                </div>
              </div>
              <div
                class="StyledBox__StyledBoxGap-sc-13pk1d4-1 jxcSjk"
              />
              <div
                class="StyledBox-sc-13pk1d4-0 bIdaiR"
              >
                <div
                  class="StyledBox-sc-13pk1d4-0 dtCrhk FormField__FormFieldBox-m9hood-0 eenrNp"
                >
                  <label
                    class="StyledText-sc-1sadyjn-0 hPvfbL"
                  >
                    Country
                  </label>
                  <div
                    class="StyledBox-sc-13pk1d4-0 brKoju FormField__FormFieldContentBox-m9hood-1 ckZStK"
                  >
                    <button
                      aria-label="Open Drop"
                      class="StyledButton-sc-323bzc-0 iIsemp Select__StyledSelectDropButton-sc-17idtfo-1 eucjJD"
                      type="button"
                    >
                      <div
                        class="StyledBox-sc-13pk1d4-0 VvbUh"
                      >
                        <div
                          class="StyledBox-sc-13pk1d4-0 bVYLzf"
                        >
                          <div
                            class="StyledTextInput__StyledTextInputContainer-sc-1x30a0s-1 ksQrmr"
                          >
                            <input
                              autocomplete="off"
                              class="StyledTextInput-sc-1x30a0s-0 fVbmbP Select__SelectTextInput-sc-17idtfo-0 VIYrI"
                              name="country"
                              readonly=""
                              tabindex="-1"
                              type="text"
                              value=""
                            />
                          </div>
                        </div>
                        <div
                          class="StyledBox-sc-13pk1d4-0 iCDnTm"
                          style="min-width: auto;"
                        >
                          <svg
                            aria-label="FormDown"
                            class="StyledIcon-ofa7kd-0 kbXEEj"
                            viewBox="0 0 24 24"
                          >
                            <polyline
                              fill="none"
                              points="18 9 12 15 6 9"
                              stroke="#000"
                              stroke-width="2"
                            />
                          </svg>
                        </div>
                      </div>
                    </button>
                  </div>
                </div>
                <div
                  class="StyledBox__StyledBoxGap-sc-13pk1d4-1 bRyuLk"
                />
                <div
                  class="StyledBox-sc-13pk1d4-0 dtCrhk FormField__FormFieldBox-m9hood-0 eenrNp"
                >
                  <label
                    class="StyledText-sc-1sadyjn-0 hPvfbL"
                  >
                    City
                  </label>
                  <div
                    class="StyledBox-sc-13pk1d4-0 brKoju FormField__FormFieldContentBox-m9hood-1 ckZStK"
                  >
                    <div
                      class="StyledTextInput__StyledTextInputContainer-sc-1x30a0s-1 ksQrmr"
                    >
                      <input
                        autocomplete="off"
                        class="StyledTextInput-sc-1x30a0s-0 fVbmbP"
                        name="city"
                        value=""
                      />
                    </div>
                  </div>
                </div>
              </div>
              <div
                class="StyledBox__StyledBoxGap-sc-13pk1d4-1 jxcSjk"
              />
              <div
                class="StyledBox-sc-13pk1d4-0 bFwQzJ"
              >
                <div
                  class="StyledBox-sc-13pk1d4-0 dtCrhk FormField__FormFieldBox-m9hood-0 eenrNp"
                >
                  <label
                    class="StyledText-sc-1sadyjn-0 hPvfbL"
                  >
                    Address
                  </label>
                  <div
                    class="StyledBox-sc-13pk1d4-0 brKoju FormField__FormFieldContentBox-m9hood-1 ckZStK"
                  >
                    <div
                      class="StyledTextInput__StyledTextInputContainer-sc-1x30a0s-1 ksQrmr"
                    >
                      <input
                        autocomplete="off"
                        class="StyledTextInput-sc-1x30a0s-0 fVbmbP"
                        name="address1"
                        value=""
                      />
                    </div>
                  </div>
                </div>
                <div
                  class="StyledBox__StyledBoxGap-sc-13pk1d4-1 bNUOfk"
                />
                <div
                  class="StyledBox-sc-13pk1d4-0 dtCrhk FormField__FormFieldBox-m9hood-0 eenrNp"
                >
                  <div
                    class="StyledBox-sc-13pk1d4-0 brKoju FormField__FormFieldContentBox-m9hood-1 ckZStK"
                  >
                    <div
                      class="StyledTextInput__StyledTextInputContainer-sc-1x30a0s-1 ksQrmr"
                    >
                      <input
                        autocomplete="off"
                        class="StyledTextInput-sc-1x30a0s-0 fVbmbP"
                        name="address2"
                        value=""
                      />
                    </div>
                  </div>
                </div>
              </div>
              <div
                class="StyledBox__StyledBoxGap-sc-13pk1d4-1 jxcSjk"
              />
              <div
                class="StyledBox-sc-13pk1d4-0 bFwQzJ"
              >
                <label
                  class="StyledCheckBox__StyledCheckBoxContainer-sc-1dbk5ju-1 PHOTu"
                >
                  <div
                    class="StyledBox-sc-13pk1d4-0 fuEVwc StyledCheckBox-sc-1dbk5ju-6 CBoMo"
                  >
                    <input
                      class="StyledCheckBox__StyledCheckBoxInput-sc-1dbk5ju-2 ljjPfS"
                      name="newAccount"
                      type="checkbox"
                    />
                    <div
                      class="StyledBox-sc-13pk1d4-0 gDUCoH StyledCheckBox__StyledCheckBoxBox-sc-1dbk5ju-3 iEciRS"
                    />
                  </div>
                  <span>
                    Create an account?
                  </span>
                </label>
              </div>
            </div>
            <div
              class="StyledBox__StyledBoxGap-sc-13pk1d4-1 hrkxnQ"
            />
            <div
              class="StyledBox-sc-13pk1d4-0 caSSos"
            >
              <h4
                class="StyledHeading-sc-1rdh4aw-0 fwxVsO"
              >
                Products
              </h4>
              <div
                class="StyledBox__StyledBoxGap-sc-13pk1d4-1 bNUOfk"
              />
              <table
                class="StyledTable-sc-1m3u5g-6 bJymoW"
              >
                <thead
                  class="StyledTable__StyledTableHeader-sc-1m3u5g-4 kdPLsZ"
                >
                  <tr
                    class="StyledTable__StyledTableRow-sc-1m3u5g-2 enByxm"
                  >
                    <th
                      class="StyledTable__StyledTableCell-sc-1m3u5g-0 kLEWHI"
                      scope="col"
                    >
                      <span
                        class="StyledText-sc-1sadyjn-0 fNZrpW"
                      >
                        Product
                      </span>
                    </th>
                    <th
                      class="StyledTable__StyledTableCell-sc-1m3u5g-0 kLEWHI"
                      scope="col"
                    >
                      <span
                        class="StyledText-sc-1sadyjn-0 fNZrpW"
                      >
                        Total
                      </span>
                    </th>
                  </tr>
                </thead>
                <tbody
                  class="StyledTable__StyledTableBody-sc-1m3u5g-3 bMdIOJ"
                >
                  <tr
                    class="StyledTable__StyledTableRow-sc-1m3u5g-2 enByxm"
                  >
                    <th
                      class="StyledTable__StyledTableCell-sc-1m3u5g-0 bXELjK"
                      scope="row"
                    >
                      Coffee
                       (
                      3
                      )
                    </th>
                    <th
                      class="StyledTable__StyledTableCell-sc-1m3u5g-0 bXELjK"
                      scope="row"
                    >
                      $32.97
                    </th>
                  </tr>
                  <tr
                    class="StyledTable__StyledTableRow-sc-1m3u5g-2 enByxm"
                  >
                    <th
                      class="StyledTable__StyledTableCell-sc-1m3u5g-0 bXELjK"
                      scope="row"
                    >
                      Honey
                       (
                      3
                      )
                    </th>
                    <th
                      class="StyledTable__StyledTableCell-sc-1m3u5g-0 bXELjK"
                      scope="row"
                    >
                      $602.97
                    </th>
                  </tr>
                  <tr
                    class="StyledTable__StyledTableRow-sc-1m3u5g-2 enByxm"
                  >
                    <th
                      class="StyledTable__StyledTableCell-sc-1m3u5g-0 bXELjK"
                      scope="row"
                    >
                      Onions
                       (
                      1
                      )
                    </th>
                    <th
                      class="StyledTable__StyledTableCell-sc-1m3u5g-0 bXELjK"
                      scope="row"
                    >
                      $3,000.99
                    </th>
                  </tr>
                  <tr
                    class="StyledTable__StyledTableRow-sc-1m3u5g-2 enByxm"
                  >
                    <th
                      class="StyledTable__StyledTableCell-sc-1m3u5g-0 bXELjK"
                      scope="row"
                    >
                      Strawberries
                       (
                      7
                      )
                    </th>
                    <th
                      class="StyledTable__StyledTableCell-sc-1m3u5g-0 bXELjK"
                      scope="row"
                    >
                      $3,506.93
                    </th>
                  </tr>
                  <tr
                    class="StyledTable__StyledTableRow-sc-1m3u5g-2 enByxm"
                  >
                    <th
                      class="StyledTable__StyledTableCell-sc-1m3u5g-0 bXELjK"
                      scope="row"
                    >
                      Tea
                       (
                      2
                      )
                    </th>
                    <th
                      class="StyledTable__StyledTableCell-sc-1m3u5g-0 bXELjK"
                      scope="row"
                    >
                      $12,001.98
                    </th>
                  </tr>
                </tbody>
                <tfoot
                  class="StyledTable__StyledTableFooter-sc-1m3u5g-5 iKFIhK"
                >
                  <tr
                    class="StyledTable__StyledTableRow-sc-1m3u5g-2 enByxm"
                  >
                    <th
                      class="StyledTable__StyledTableCell-sc-1m3u5g-0 jOusTU"
                      scope="col"
                    >
                      <span
                        class="StyledText-sc-1sadyjn-0 fNZrpW"
                      >
                        Total
                      </span>
                    </th>
                    <th
                      class="StyledTable__StyledTableCell-sc-1m3u5g-0 jOusTU"
                      scope="col"
                    >
                      <span
                        class="StyledText-sc-1sadyjn-0 fNZrpW"
                      >
                        $19,145.84
                      </span>
                    </th>
                  </tr>
                </tfoot>
              </table>
            </div>
          </div>
        </form>
      </div>
    </div>
  </div>
</div>
`;
