// Jest Snapshot v1, https://goo.gl/fbAQLP

exports[`Calendar can render 1`] = `
<div>
  <div
    class="ErrorBoundary"
  >
    <div
      class="StyledGrommet-sc-19lkkz7-0 lcXYAf"
    >
      <div
        class="StyledBox-sc-13pk1d4-0 gPpCSd"
      >
        <div
          class="StyledCalendar-sc-1y4xhmp-0 bAQsOH"
        >
          <div
            class="StyledBox-sc-13pk1d4-0 iNKrsm"
          >
            <div
              class="StyledBox-sc-13pk1d4-0 bFwQzJ"
            >
              <div
                class="StyledBox-sc-13pk1d4-0 cSWFlu"
              >
                <div
                  class="StyledBox-sc-13pk1d4-0 rpWqh"
                >
                  <span
                    class="StyledText-sc-1sadyjn-0 bQpIwr"
                  >
                    October 2020
                  </span>
                </div>
                <div
                  class="StyledBox-sc-13pk1d4-0 rpWqh"
                >
                  <button
                    class="StyledButton-sc-323bzc-0 fwCHxt"
                    type="button"
                  >
                    <svg
                      aria-label="Previous"
                      class="StyledIcon-ofa7kd-0 dbqpmH"
                      viewBox="0 0 24 24"
                    >
                      <polyline
                        fill="none"
                        points="7 2 17 12 7 22"
                        stroke="#000"
                        stroke-width="2"
                        transform="matrix(-1 0 0 1 24 0)"
                      />
                    </svg>
                  </button>
                  <div
                    class="StyledBox__StyledBoxGap-sc-13pk1d4-1 bRyuLk"
                  />
                  <button
                    class="StyledButton-sc-323bzc-0 jFJBys"
                    type="button"
                  >
                    Today
                  </button>
                  <div
                    class="StyledBox__StyledBoxGap-sc-13pk1d4-1 bRyuLk"
                  />
                  <button
                    class="StyledButton-sc-323bzc-0 fwCHxt"
                    type="button"
                  >
                    <svg
                      aria-label="Next"
                      class="StyledIcon-ofa7kd-0 dbqpmH"
                      viewBox="0 0 24 24"
                    >
                      <polyline
                        fill="none"
                        points="7 2 17 12 7 22"
                        stroke="#000"
                        stroke-width="2"
                      />
                    </svg>
                  </button>
                </div>
              </div>
              <div
                class="StyledBox-sc-13pk1d4-0 fpLZyO"
              >
                <div
                  class="StyledBox-sc-13pk1d4-0 fkLtyH"
                >
                  Sun
                </div>
                <div
                  class="StyledBox-sc-13pk1d4-0 fkLtyH"
                >
                  Mon
                </div>
                <div
                  class="StyledBox-sc-13pk1d4-0 fkLtyH"
                >
                  Tue
                </div>
                <div
                  class="StyledBox-sc-13pk1d4-0 fkLtyH"
                >
                  Wed
                </div>
                <div
                  class="StyledBox-sc-13pk1d4-0 fkLtyH"
                >
                  Thu
                </div>
                <div
                  class="StyledBox-sc-13pk1d4-0 fkLtyH"
                >
                  Fri
                </div>
                <div
                  class="StyledBox-sc-13pk1d4-0 fkLtyH"
                >
                  Sat
                </div>
              </div>
            </div>
            <div
              class="StyledCalendar__StyledWeeksContainer-sc-1y4xhmp-1 geIYXg"
              tabindex="0"
            >
              <div
                class="StyledCalendar__StyledWeeks-sc-1y4xhmp-2 ddQkdV"
              >
                <div
                  class="StyledCalendar__StyledWeek-sc-1y4xhmp-3 gMewBA"
                >
                  <div
                    class="StyledCalendar__StyledDayContainer-sc-1y4xhmp-4 dYKmZA"
                  >
                    <div
                      class="StyledBox-sc-13pk1d4-0 ccnDPr"
                    >
                      <div
                        class="StyledBox-sc-13pk1d4-0 cKMdET"
                      >
                        <span
                          class="StyledText-sc-1sadyjn-0 budPuA"
                        >
                          27
                        </span>
                      </div>
                      <div
                        class="StyledBox__StyledBoxGap-sc-13pk1d4-1 gTfmlI"
                      />
                      <div
                        class="StyledBox-sc-13pk1d4-0 bFwQzJ"
                      />
                    </div>
                  </div>
                  <div
                    class="StyledCalendar__StyledDayContainer-sc-1y4xhmp-4 dYKmZA"
                  >
                    <div
                      class="StyledBox-sc-13pk1d4-0 ccnDPr"
                    >
                      <div
                        class="StyledBox-sc-13pk1d4-0 cKMdET"
                      >
                        <span
                          class="StyledText-sc-1sadyjn-0 budPuA"
                        >
                          28
                        </span>
                      </div>
                      <div
                        class="StyledBox__StyledBoxGap-sc-13pk1d4-1 gTfmlI"
                      />
                      <div
                        class="StyledBox-sc-13pk1d4-0 bFwQzJ"
                      >
                        <button
                          class="StyledButton-sc-323bzc-0 jFJBys"
                          type="button"
                        >
                          <div
                            class="StyledBox-sc-13pk1d4-0 dDTssQ"
                          >
                            <span
                              class="StyledText-sc-1sadyjn-0 jGtemZ"
                            >
                              Some event
                            </span>
                          </div>
                        </button>
                      </div>
                    </div>
                  </div>
                  <div
                    class="StyledCalendar__StyledDayContainer-sc-1y4xhmp-4 dYKmZA"
                  >
                    <div
                      class="StyledBox-sc-13pk1d4-0 ccnDPr"
                    >
                      <div
                        class="StyledBox-sc-13pk1d4-0 cKMdET"
                      >
                        <span
                          class="StyledText-sc-1sadyjn-0 budPuA"
                        >
                          29
                        </span>
                      </div>
                      <div
                        class="StyledBox__StyledBoxGap-sc-13pk1d4-1 gTfmlI"
                      />
                      <div
                        class="StyledBox-sc-13pk1d4-0 bFwQzJ"
                      />
                    </div>
                  </div>
                  <div
                    class="StyledCalendar__StyledDayContainer-sc-1y4xhmp-4 dYKmZA"
                  >
                    <div
                      class="StyledBox-sc-13pk1d4-0 ccnDPr"
                    >
                      <div
                        class="StyledBox-sc-13pk1d4-0 cKMdET"
                      >
                        <span
                          class="StyledText-sc-1sadyjn-0 budPuA"
                        >
                          30
                        </span>
                      </div>
                      <div
                        class="StyledBox__StyledBoxGap-sc-13pk1d4-1 gTfmlI"
                      />
                      <div
                        class="StyledBox-sc-13pk1d4-0 bFwQzJ"
                      />
                    </div>
                  </div>
                  <div
                    class="StyledCalendar__StyledDayContainer-sc-1y4xhmp-4 dYKmZA"
                  >
                    <div
                      class="StyledBox-sc-13pk1d4-0 ccnDPr"
                    >
                      <div
                        class="StyledBox-sc-13pk1d4-0 cKMdET"
                      >
                        <span
                          class="StyledText-sc-1sadyjn-0 budPuA"
                        >
                          1
                        </span>
                      </div>
                      <div
                        class="StyledBox__StyledBoxGap-sc-13pk1d4-1 gTfmlI"
                      />
                      <div
                        class="StyledBox-sc-13pk1d4-0 bFwQzJ"
                      />
                    </div>
                  </div>
                  <div
                    class="StyledCalendar__StyledDayContainer-sc-1y4xhmp-4 dYKmZA"
                  >
                    <div
                      class="StyledBox-sc-13pk1d4-0 ccnDPr"
                    >
                      <div
                        class="StyledBox-sc-13pk1d4-0 cKMdET"
                      >
                        <span
                          class="StyledText-sc-1sadyjn-0 budPuA"
                        >
                          2
                        </span>
                      </div>
                      <div
                        class="StyledBox__StyledBoxGap-sc-13pk1d4-1 gTfmlI"
                      />
                      <div
                        class="StyledBox-sc-13pk1d4-0 bFwQzJ"
                      />
                    </div>
                  </div>
                  <div
                    class="StyledCalendar__StyledDayContainer-sc-1y4xhmp-4 dYKmZA"
                  >
                    <div
                      class="StyledBox-sc-13pk1d4-0 ccnDPr"
                    >
                      <div
                        class="StyledBox-sc-13pk1d4-0 cKMdET"
                      >
                        <span
                          class="StyledText-sc-1sadyjn-0 budPuA"
                        >
                          3
                        </span>
                      </div>
                      <div
                        class="StyledBox__StyledBoxGap-sc-13pk1d4-1 gTfmlI"
                      />
                      <div
                        class="StyledBox-sc-13pk1d4-0 bFwQzJ"
                      />
                    </div>
                  </div>
                </div>
                <div
                  class="StyledCalendar__StyledWeek-sc-1y4xhmp-3 gMewBA"
                >
                  <div
                    class="StyledCalendar__StyledDayContainer-sc-1y4xhmp-4 dYKmZA"
                  >
                    <div
                      class="StyledBox-sc-13pk1d4-0 ccnDPr"
                    >
                      <div
                        class="StyledBox-sc-13pk1d4-0 cKMdET"
                      >
                        <span
                          class="StyledText-sc-1sadyjn-0 budPuA"
                        >
                          4
                        </span>
                      </div>
                      <div
                        class="StyledBox__StyledBoxGap-sc-13pk1d4-1 gTfmlI"
                      />
                      <div
                        class="StyledBox-sc-13pk1d4-0 bFwQzJ"
                      />
                    </div>
                  </div>
                  <div
                    class="StyledCalendar__StyledDayContainer-sc-1y4xhmp-4 dYKmZA"
                  >
                    <div
                      class="StyledBox-sc-13pk1d4-0 ccnDPr"
                    >
                      <div
                        class="StyledBox-sc-13pk1d4-0 cKMdET"
                      >
                        <span
                          class="StyledText-sc-1sadyjn-0 budPuA"
                        >
                          5
                        </span>
                      </div>
                      <div
                        class="StyledBox__StyledBoxGap-sc-13pk1d4-1 gTfmlI"
                      />
                      <div
                        class="StyledBox-sc-13pk1d4-0 bFwQzJ"
                      />
                    </div>
                  </div>
                  <div
                    class="StyledCalendar__StyledDayContainer-sc-1y4xhmp-4 dYKmZA"
                  >
                    <div
                      class="StyledBox-sc-13pk1d4-0 ccnDPr"
                    >
                      <div
                        class="StyledBox-sc-13pk1d4-0 cKMdET"
                      >
                        <span
                          class="StyledText-sc-1sadyjn-0 budPuA"
                        >
                          6
                        </span>
                      </div>
                      <div
                        class="StyledBox__StyledBoxGap-sc-13pk1d4-1 gTfmlI"
                      />
                      <div
                        class="StyledBox-sc-13pk1d4-0 bFwQzJ"
                      />
                    </div>
                  </div>
                  <div
                    class="StyledCalendar__StyledDayContainer-sc-1y4xhmp-4 dYKmZA"
                  >
                    <div
                      class="StyledBox-sc-13pk1d4-0 ccnDPr"
                    >
                      <div
                        class="StyledBox-sc-13pk1d4-0 cKMdET"
                      >
                        <span
                          class="StyledText-sc-1sadyjn-0 budPuA"
                        >
                          7
                        </span>
                      </div>
                      <div
                        class="StyledBox__StyledBoxGap-sc-13pk1d4-1 gTfmlI"
                      />
                      <div
                        class="StyledBox-sc-13pk1d4-0 bFwQzJ"
                      />
                    </div>
                  </div>
                  <div
                    class="StyledCalendar__StyledDayContainer-sc-1y4xhmp-4 dYKmZA"
                  >
                    <div
                      class="StyledBox-sc-13pk1d4-0 ccnDPr"
                    >
                      <div
                        class="StyledBox-sc-13pk1d4-0 cKMdET"
                      >
                        <span
                          class="StyledText-sc-1sadyjn-0 budPuA"
                        >
                          8
                        </span>
                      </div>
                      <div
                        class="StyledBox__StyledBoxGap-sc-13pk1d4-1 gTfmlI"
                      />
                      <div
                        class="StyledBox-sc-13pk1d4-0 bFwQzJ"
                      />
                    </div>
                  </div>
                  <div
                    class="StyledCalendar__StyledDayContainer-sc-1y4xhmp-4 dYKmZA"
                  >
                    <div
                      class="StyledBox-sc-13pk1d4-0 ccnDPr"
                    >
                      <div
                        class="StyledBox-sc-13pk1d4-0 cKMdET"
                      >
                        <span
                          class="StyledText-sc-1sadyjn-0 fNZrpW"
                        >
                          9
                        </span>
                      </div>
                      <div
                        class="StyledBox__StyledBoxGap-sc-13pk1d4-1 gTfmlI"
                      />
                      <div
                        class="StyledBox-sc-13pk1d4-0 bFwQzJ"
                      />
                    </div>
                  </div>
                  <div
                    class="StyledCalendar__StyledDayContainer-sc-1y4xhmp-4 dYKmZA"
                  >
                    <div
                      class="StyledBox-sc-13pk1d4-0 ccnDPr"
                    >
                      <div
                        class="StyledBox-sc-13pk1d4-0 cKMdET"
                      >
                        <span
                          class="StyledText-sc-1sadyjn-0 budPuA"
                        >
                          10
                        </span>
                      </div>
                      <div
                        class="StyledBox__StyledBoxGap-sc-13pk1d4-1 gTfmlI"
                      />
                      <div
                        class="StyledBox-sc-13pk1d4-0 bFwQzJ"
                      />
                    </div>
                  </div>
                </div>
                <div
                  class="StyledCalendar__StyledWeek-sc-1y4xhmp-3 gMewBA"
                >
                  <div
                    class="StyledCalendar__StyledDayContainer-sc-1y4xhmp-4 dYKmZA"
                  >
                    <div
                      class="StyledBox-sc-13pk1d4-0 ccnDPr"
                    >
                      <div
                        class="StyledBox-sc-13pk1d4-0 cKMdET"
                      >
                        <span
                          class="StyledText-sc-1sadyjn-0 budPuA"
                        >
                          11
                        </span>
                      </div>
                      <div
                        class="StyledBox__StyledBoxGap-sc-13pk1d4-1 gTfmlI"
                      />
                      <div
                        class="StyledBox-sc-13pk1d4-0 bFwQzJ"
                      />
                    </div>
                  </div>
                  <div
                    class="StyledCalendar__StyledDayContainer-sc-1y4xhmp-4 dYKmZA"
                  >
                    <div
                      class="StyledBox-sc-13pk1d4-0 ccnDPr"
                    >
                      <div
                        class="StyledBox-sc-13pk1d4-0 cKMdET"
                      >
                        <span
                          class="StyledText-sc-1sadyjn-0 budPuA"
                        >
                          12
                        </span>
                      </div>
                      <div
                        class="StyledBox__StyledBoxGap-sc-13pk1d4-1 gTfmlI"
                      />
                      <div
                        class="StyledBox-sc-13pk1d4-0 bFwQzJ"
                      />
                    </div>
                  </div>
                  <div
                    class="StyledCalendar__StyledDayContainer-sc-1y4xhmp-4 dYKmZA"
                  >
                    <div
                      class="StyledBox-sc-13pk1d4-0 ccnDPr"
                    >
                      <div
                        class="StyledBox-sc-13pk1d4-0 cKMdET"
                      >
                        <span
                          class="StyledText-sc-1sadyjn-0 budPuA"
                        >
                          13
                        </span>
                      </div>
                      <div
                        class="StyledBox__StyledBoxGap-sc-13pk1d4-1 gTfmlI"
                      />
                      <div
                        class="StyledBox-sc-13pk1d4-0 bFwQzJ"
                      />
                    </div>
                  </div>
                  <div
                    class="StyledCalendar__StyledDayContainer-sc-1y4xhmp-4 dYKmZA"
                  >
                    <div
                      class="StyledBox-sc-13pk1d4-0 ccnDPr"
                    >
                      <div
                        class="StyledBox-sc-13pk1d4-0 cKMdET"
                      >
                        <span
                          class="StyledText-sc-1sadyjn-0 budPuA"
                        >
                          14
                        </span>
                      </div>
                      <div
                        class="StyledBox__StyledBoxGap-sc-13pk1d4-1 gTfmlI"
                      />
                      <div
                        class="StyledBox-sc-13pk1d4-0 bFwQzJ"
                      />
                    </div>
                  </div>
                  <div
                    class="StyledCalendar__StyledDayContainer-sc-1y4xhmp-4 dYKmZA"
                  >
                    <div
                      class="StyledBox-sc-13pk1d4-0 ccnDPr"
                    >
                      <div
                        class="StyledBox-sc-13pk1d4-0 cKMdET"
                      >
                        <span
                          class="StyledText-sc-1sadyjn-0 budPuA"
                        >
                          15
                        </span>
                      </div>
                      <div
                        class="StyledBox__StyledBoxGap-sc-13pk1d4-1 gTfmlI"
                      />
                      <div
                        class="StyledBox-sc-13pk1d4-0 bFwQzJ"
                      />
                    </div>
                  </div>
                  <div
                    class="StyledCalendar__StyledDayContainer-sc-1y4xhmp-4 dYKmZA"
                  >
                    <div
                      class="StyledBox-sc-13pk1d4-0 ccnDPr"
                    >
                      <div
                        class="StyledBox-sc-13pk1d4-0 cKMdET"
                      >
                        <span
                          class="StyledText-sc-1sadyjn-0 budPuA"
                        >
                          16
                        </span>
                      </div>
                      <div
                        class="StyledBox__StyledBoxGap-sc-13pk1d4-1 gTfmlI"
                      />
                      <div
                        class="StyledBox-sc-13pk1d4-0 bFwQzJ"
                      />
                    </div>
                  </div>
                  <div
                    class="StyledCalendar__StyledDayContainer-sc-1y4xhmp-4 dYKmZA"
                  >
                    <div
                      class="StyledBox-sc-13pk1d4-0 ccnDPr"
                    >
                      <div
                        class="StyledBox-sc-13pk1d4-0 cKMdET"
                      >
                        <span
                          class="StyledText-sc-1sadyjn-0 budPuA"
                        >
                          17
                        </span>
                      </div>
                      <div
                        class="StyledBox__StyledBoxGap-sc-13pk1d4-1 gTfmlI"
                      />
                      <div
                        class="StyledBox-sc-13pk1d4-0 bFwQzJ"
                      />
                    </div>
                  </div>
                </div>
                <div
                  class="StyledCalendar__StyledWeek-sc-1y4xhmp-3 gMewBA"
                >
                  <div
                    class="StyledCalendar__StyledDayContainer-sc-1y4xhmp-4 dYKmZA"
                  >
                    <div
                      class="StyledBox-sc-13pk1d4-0 ccnDPr"
                    >
                      <div
                        class="StyledBox-sc-13pk1d4-0 cKMdET"
                      >
                        <span
                          class="StyledText-sc-1sadyjn-0 budPuA"
                        >
                          18
                        </span>
                      </div>
                      <div
                        class="StyledBox__StyledBoxGap-sc-13pk1d4-1 gTfmlI"
                      />
                      <div
                        class="StyledBox-sc-13pk1d4-0 bFwQzJ"
                      />
                    </div>
                  </div>
                  <div
                    class="StyledCalendar__StyledDayContainer-sc-1y4xhmp-4 dYKmZA"
                  >
                    <div
                      class="StyledBox-sc-13pk1d4-0 ccnDPr"
                    >
                      <div
                        class="StyledBox-sc-13pk1d4-0 cKMdET"
                      >
                        <span
                          class="StyledText-sc-1sadyjn-0 budPuA"
                        >
                          19
                        </span>
                      </div>
                      <div
                        class="StyledBox__StyledBoxGap-sc-13pk1d4-1 gTfmlI"
                      />
                      <div
                        class="StyledBox-sc-13pk1d4-0 bFwQzJ"
                      />
                    </div>
                  </div>
                  <div
                    class="StyledCalendar__StyledDayContainer-sc-1y4xhmp-4 dYKmZA"
                  >
                    <div
                      class="StyledBox-sc-13pk1d4-0 ccnDPr"
                    >
                      <div
                        class="StyledBox-sc-13pk1d4-0 cKMdET"
                      >
                        <span
                          class="StyledText-sc-1sadyjn-0 budPuA"
                        >
                          20
                        </span>
                      </div>
                      <div
                        class="StyledBox__StyledBoxGap-sc-13pk1d4-1 gTfmlI"
                      />
                      <div
                        class="StyledBox-sc-13pk1d4-0 bFwQzJ"
                      />
                    </div>
                  </div>
                  <div
                    class="StyledCalendar__StyledDayContainer-sc-1y4xhmp-4 dYKmZA"
                  >
                    <div
                      class="StyledBox-sc-13pk1d4-0 ccnDPr"
                    >
                      <div
                        class="StyledBox-sc-13pk1d4-0 cKMdET"
                      >
                        <span
                          class="StyledText-sc-1sadyjn-0 budPuA"
                        >
                          21
                        </span>
                      </div>
                      <div
                        class="StyledBox__StyledBoxGap-sc-13pk1d4-1 gTfmlI"
                      />
                      <div
                        class="StyledBox-sc-13pk1d4-0 bFwQzJ"
                      />
                    </div>
                  </div>
                  <div
                    class="StyledCalendar__StyledDayContainer-sc-1y4xhmp-4 dYKmZA"
                  >
                    <div
                      class="StyledBox-sc-13pk1d4-0 ccnDPr"
                    >
                      <div
                        class="StyledBox-sc-13pk1d4-0 cKMdET"
                      >
                        <span
                          class="StyledText-sc-1sadyjn-0 budPuA"
                        >
                          22
                        </span>
                      </div>
                      <div
                        class="StyledBox__StyledBoxGap-sc-13pk1d4-1 gTfmlI"
                      />
                      <div
                        class="StyledBox-sc-13pk1d4-0 bFwQzJ"
                      />
                    </div>
                  </div>
                  <div
                    class="StyledCalendar__StyledDayContainer-sc-1y4xhmp-4 dYKmZA"
                  >
                    <div
                      class="StyledBox-sc-13pk1d4-0 ccnDPr"
                    >
                      <div
                        class="StyledBox-sc-13pk1d4-0 cKMdET"
                      >
                        <span
                          class="StyledText-sc-1sadyjn-0 budPuA"
                        >
                          23
                        </span>
                      </div>
                      <div
                        class="StyledBox__StyledBoxGap-sc-13pk1d4-1 gTfmlI"
                      />
                      <div
                        class="StyledBox-sc-13pk1d4-0 bFwQzJ"
                      />
                    </div>
                  </div>
                  <div
                    class="StyledCalendar__StyledDayContainer-sc-1y4xhmp-4 dYKmZA"
                  >
                    <div
                      class="StyledBox-sc-13pk1d4-0 ccnDPr"
                    >
                      <div
                        class="StyledBox-sc-13pk1d4-0 cKMdET"
                      >
                        <span
                          class="StyledText-sc-1sadyjn-0 budPuA"
                        >
                          24
                        </span>
                      </div>
                      <div
                        class="StyledBox__StyledBoxGap-sc-13pk1d4-1 gTfmlI"
                      />
                      <div
                        class="StyledBox-sc-13pk1d4-0 bFwQzJ"
                      />
                    </div>
                  </div>
                </div>
                <div
                  class="StyledCalendar__StyledWeek-sc-1y4xhmp-3 gMewBA"
                >
                  <div
                    class="StyledCalendar__StyledDayContainer-sc-1y4xhmp-4 dYKmZA"
                  >
                    <div
                      class="StyledBox-sc-13pk1d4-0 ccnDPr"
                    >
                      <div
                        class="StyledBox-sc-13pk1d4-0 cKMdET"
                      >
                        <span
                          class="StyledText-sc-1sadyjn-0 budPuA"
                        >
                          25
                        </span>
                      </div>
                      <div
                        class="StyledBox__StyledBoxGap-sc-13pk1d4-1 gTfmlI"
                      />
                      <div
                        class="StyledBox-sc-13pk1d4-0 bFwQzJ"
                      />
                    </div>
                  </div>
                  <div
                    class="StyledCalendar__StyledDayContainer-sc-1y4xhmp-4 dYKmZA"
                  >
                    <div
                      class="StyledBox-sc-13pk1d4-0 ccnDPr"
                    >
                      <div
                        class="StyledBox-sc-13pk1d4-0 cKMdET"
                      >
                        <span
                          class="StyledText-sc-1sadyjn-0 budPuA"
                        >
                          26
                        </span>
                      </div>
                      <div
                        class="StyledBox__StyledBoxGap-sc-13pk1d4-1 gTfmlI"
                      />
                      <div
                        class="StyledBox-sc-13pk1d4-0 bFwQzJ"
                      />
                    </div>
                  </div>
                  <div
                    class="StyledCalendar__StyledDayContainer-sc-1y4xhmp-4 dYKmZA"
                  >
                    <div
                      class="StyledBox-sc-13pk1d4-0 ccnDPr"
                    >
                      <div
                        class="StyledBox-sc-13pk1d4-0 cKMdET"
                      >
                        <span
                          class="StyledText-sc-1sadyjn-0 budPuA"
                        >
                          27
                        </span>
                      </div>
                      <div
                        class="StyledBox__StyledBoxGap-sc-13pk1d4-1 gTfmlI"
                      />
                      <div
                        class="StyledBox-sc-13pk1d4-0 bFwQzJ"
                      />
                    </div>
                  </div>
                  <div
                    class="StyledCalendar__StyledDayContainer-sc-1y4xhmp-4 dYKmZA"
                  >
                    <div
                      class="StyledBox-sc-13pk1d4-0 ccnDPr"
                    >
                      <div
                        class="StyledBox-sc-13pk1d4-0 cKMdET"
                      >
                        <span
                          class="StyledText-sc-1sadyjn-0 budPuA"
                        >
                          28
                        </span>
                      </div>
                      <div
                        class="StyledBox__StyledBoxGap-sc-13pk1d4-1 gTfmlI"
                      />
                      <div
                        class="StyledBox-sc-13pk1d4-0 bFwQzJ"
                      >
                        <button
                          class="StyledButton-sc-323bzc-0 jFJBys"
                          type="button"
                        >
                          <div
                            class="StyledBox-sc-13pk1d4-0 dDTssQ"
                          >
                            <span
                              class="StyledText-sc-1sadyjn-0 jGtemZ"
                            >
                              Some event
                            </span>
                          </div>
                        </button>
                      </div>
                    </div>
                  </div>
                  <div
                    class="StyledCalendar__StyledDayContainer-sc-1y4xhmp-4 dYKmZA"
                  >
                    <div
                      class="StyledBox-sc-13pk1d4-0 ccnDPr"
                    >
                      <div
                        class="StyledBox-sc-13pk1d4-0 cKMdET"
                      >
                        <span
                          class="StyledText-sc-1sadyjn-0 budPuA"
                        >
                          29
                        </span>
                      </div>
                      <div
                        class="StyledBox__StyledBoxGap-sc-13pk1d4-1 gTfmlI"
                      />
                      <div
                        class="StyledBox-sc-13pk1d4-0 bFwQzJ"
                      />
                    </div>
                  </div>
                  <div
                    class="StyledCalendar__StyledDayContainer-sc-1y4xhmp-4 dYKmZA"
                  >
                    <div
                      class="StyledBox-sc-13pk1d4-0 ccnDPr"
                    >
                      <div
                        class="StyledBox-sc-13pk1d4-0 cKMdET"
                      >
                        <span
                          class="StyledText-sc-1sadyjn-0 budPuA"
                        >
                          30
                        </span>
                      </div>
                      <div
                        class="StyledBox__StyledBoxGap-sc-13pk1d4-1 gTfmlI"
                      />
                      <div
                        class="StyledBox-sc-13pk1d4-0 bFwQzJ"
                      />
                    </div>
                  </div>
                  <div
                    class="StyledCalendar__StyledDayContainer-sc-1y4xhmp-4 dYKmZA"
                  >
                    <div
                      class="StyledBox-sc-13pk1d4-0 ccnDPr"
                    >
                      <div
                        class="StyledBox-sc-13pk1d4-0 cKMdET"
                      >
                        <span
                          class="StyledText-sc-1sadyjn-0 budPuA"
                        >
                          31
                        </span>
                      </div>
                      <div
                        class="StyledBox__StyledBoxGap-sc-13pk1d4-1 gTfmlI"
                      />
                      <div
                        class="StyledBox-sc-13pk1d4-0 bFwQzJ"
                      />
                    </div>
                  </div>
                </div>
                <div
                  class="StyledCalendar__StyledWeek-sc-1y4xhmp-3 gMewBA"
                >
                  <div
                    class="StyledCalendar__StyledDayContainer-sc-1y4xhmp-4 dYKmZA"
                  >
                    <div
                      class="StyledBox-sc-13pk1d4-0 ccnDPr"
                    >
                      <div
                        class="StyledBox-sc-13pk1d4-0 cKMdET"
                      >
                        <span
                          class="StyledText-sc-1sadyjn-0 budPuA"
                        >
                          1
                        </span>
                      </div>
                      <div
                        class="StyledBox__StyledBoxGap-sc-13pk1d4-1 gTfmlI"
                      />
                      <div
                        class="StyledBox-sc-13pk1d4-0 bFwQzJ"
                      />
                    </div>
                  </div>
                  <div
                    class="StyledCalendar__StyledDayContainer-sc-1y4xhmp-4 dYKmZA"
                  >
                    <div
                      class="StyledBox-sc-13pk1d4-0 ccnDPr"
                    >
                      <div
                        class="StyledBox-sc-13pk1d4-0 cKMdET"
                      >
                        <span
                          class="StyledText-sc-1sadyjn-0 budPuA"
                        >
                          2
                        </span>
                      </div>
                      <div
                        class="StyledBox__StyledBoxGap-sc-13pk1d4-1 gTfmlI"
                      />
                      <div
                        class="StyledBox-sc-13pk1d4-0 bFwQzJ"
                      />
                    </div>
                  </div>
                  <div
                    class="StyledCalendar__StyledDayContainer-sc-1y4xhmp-4 dYKmZA"
                  >
                    <div
                      class="StyledBox-sc-13pk1d4-0 ccnDPr"
                    >
                      <div
                        class="StyledBox-sc-13pk1d4-0 cKMdET"
                      >
                        <span
                          class="StyledText-sc-1sadyjn-0 budPuA"
                        >
                          3
                        </span>
                      </div>
                      <div
                        class="StyledBox__StyledBoxGap-sc-13pk1d4-1 gTfmlI"
                      />
                      <div
                        class="StyledBox-sc-13pk1d4-0 bFwQzJ"
                      />
                    </div>
                  </div>
                  <div
                    class="StyledCalendar__StyledDayContainer-sc-1y4xhmp-4 dYKmZA"
                  >
                    <div
                      class="StyledBox-sc-13pk1d4-0 ccnDPr"
                    >
                      <div
                        class="StyledBox-sc-13pk1d4-0 cKMdET"
                      >
                        <span
                          class="StyledText-sc-1sadyjn-0 budPuA"
                        >
                          4
                        </span>
                      </div>
                      <div
                        class="StyledBox__StyledBoxGap-sc-13pk1d4-1 gTfmlI"
                      />
                      <div
                        class="StyledBox-sc-13pk1d4-0 bFwQzJ"
                      />
                    </div>
                  </div>
                  <div
                    class="StyledCalendar__StyledDayContainer-sc-1y4xhmp-4 dYKmZA"
                  >
                    <div
                      class="StyledBox-sc-13pk1d4-0 ccnDPr"
                    >
                      <div
                        class="StyledBox-sc-13pk1d4-0 cKMdET"
                      >
                        <span
                          class="StyledText-sc-1sadyjn-0 budPuA"
                        >
                          5
                        </span>
                      </div>
                      <div
                        class="StyledBox__StyledBoxGap-sc-13pk1d4-1 gTfmlI"
                      />
                      <div
                        class="StyledBox-sc-13pk1d4-0 bFwQzJ"
                      />
                    </div>
                  </div>
                  <div
                    class="StyledCalendar__StyledDayContainer-sc-1y4xhmp-4 dYKmZA"
                  >
                    <div
                      class="StyledBox-sc-13pk1d4-0 ccnDPr"
                    >
                      <div
                        class="StyledBox-sc-13pk1d4-0 cKMdET"
                      >
                        <span
                          class="StyledText-sc-1sadyjn-0 budPuA"
                        >
                          6
                        </span>
                      </div>
                      <div
                        class="StyledBox__StyledBoxGap-sc-13pk1d4-1 gTfmlI"
                      />
                      <div
                        class="StyledBox-sc-13pk1d4-0 bFwQzJ"
                      />
                    </div>
                  </div>
                  <div
                    class="StyledCalendar__StyledDayContainer-sc-1y4xhmp-4 dYKmZA"
                  >
                    <div
                      class="StyledBox-sc-13pk1d4-0 ccnDPr"
                    >
                      <div
                        class="StyledBox-sc-13pk1d4-0 cKMdET"
                      >
                        <span
                          class="StyledText-sc-1sadyjn-0 budPuA"
                        >
                          7
                        </span>
                      </div>
                      <div
                        class="StyledBox__StyledBoxGap-sc-13pk1d4-1 gTfmlI"
                      />
                      <div
                        class="StyledBox-sc-13pk1d4-0 bFwQzJ"
                      />
                    </div>
                  </div>
                </div>
              </div>
            </div>
          </div>
        </div>
      </div>
    </div>
  </div>
</div>
`;
