// Jest Snapshot v1, https://goo.gl/fbAQLP

exports[`Store can render 1`] = `
<div>
  <div
    class="ErrorBoundary"
  >
    <div
      class="StyledGrommet-sc-19lkkz7-0 djOnwZ"
    >
      <div
        class="StyledBox-sc-13pk1d4-0 dYebPD"
      >
        <div
          class="StyledGrid-sc-1wofa1l-0 jNzcQG Store"
        >
          <div
            class="StyledBox-sc-13pk1d4-0 cZJDzt"
          >
            <form>
              <div
                class="StyledBox-sc-13pk1d4-0 dYebPD"
              >
                <div
                  class="StyledBox-sc-13pk1d4-0 fumbms"
                >
                  <h5
                    class="StyledHeading-sc-1rdh4aw-0 fsIjVH"
                  >
                    Price
                  </h5>
                  <div
                    class="StyledBox__StyledBoxGap-sc-13pk1d4-1 kDNLiy"
                  />
                  <div
                    class="StyledBox-sc-13pk1d4-0 dLXLoO FormField__FormFieldBox-m9hood-0 jGEMXj"
                  >
                    <div
                      class="StyledBox-sc-13pk1d4-0 euBdwh FormField__FormFieldContentBox-m9hood-1"
                    >
                      <div
                        class="StyledBox-sc-13pk1d4-0 dYebPD"
                      >
                        <label
                          class="StyledRadioButton__StyledRadioButtonContainer-g1f6ld-0 hnWETW"
                          for="price-1"
                        >
                          <div
                            class="StyledBox-sc-13pk1d4-0 bHWzdD StyledRadioButton-g1f6ld-5 imYubY"
                          >
                            <input
                              class="StyledRadioButton__StyledRadioButtonInput-g1f6ld-1 hIKMbD"
                              id="price-1"
                              name="price"
                              type="radio"
                              value="0.00-24.99"
                            />
                            <div
                              class="StyledBox-sc-13pk1d4-0 cMdTKN StyledRadioButton__StyledRadioButtonBox-g1f6ld-4 kGVpuu"
                            />
                          </div>
                          <span
                            class="StyledRadioButton__StyledRadioButtonLabel-g1f6ld-2"
                          >
                            Under $25
                          </span>
                        </label>
                        <div
                          class="StyledBox__StyledBoxGap-sc-13pk1d4-1 ggstca"
                        />
                        <label
                          class="StyledRadioButton__StyledRadioButtonContainer-g1f6ld-0 hnWETW"
                          for="price-2"
                        >
                          <div
                            class="StyledBox-sc-13pk1d4-0 bHWzdD StyledRadioButton-g1f6ld-5 imYubY"
                          >
                            <input
                              class="StyledRadioButton__StyledRadioButtonInput-g1f6ld-1 hIKMbD"
                              id="price-2"
                              name="price"
                              type="radio"
                              value="25.00-99.99"
                            />
                            <div
                              class="StyledBox-sc-13pk1d4-0 cMdTKN StyledRadioButton__StyledRadioButtonBox-g1f6ld-4 kGVpuu"
                            />
                          </div>
                          <span
                            class="StyledRadioButton__StyledRadioButtonLabel-g1f6ld-2"
                          >
                            $25 - $100
                          </span>
                        </label>
                        <div
                          class="StyledBox__StyledBoxGap-sc-13pk1d4-1 ggstca"
                        />
                        <label
                          class="StyledRadioButton__StyledRadioButtonContainer-g1f6ld-0 hnWETW"
                          for="price-3"
                        >
                          <div
                            class="StyledBox-sc-13pk1d4-0 bHWzdD StyledRadioButton-g1f6ld-5 imYubY"
                          >
                            <input
                              class="StyledRadioButton__StyledRadioButtonInput-g1f6ld-1 hIKMbD"
                              id="price-3"
                              name="price"
                              type="radio"
                              value="100.00-499.99"
                            />
                            <div
                              class="StyledBox-sc-13pk1d4-0 cMdTKN StyledRadioButton__StyledRadioButtonBox-g1f6ld-4 kGVpuu"
                            />
                          </div>
                          <span
                            class="StyledRadioButton__StyledRadioButtonLabel-g1f6ld-2"
                          >
                            $100 - $500
                          </span>
                        </label>
                        <div
                          class="StyledBox__StyledBoxGap-sc-13pk1d4-1 ggstca"
                        />
                        <label
                          class="StyledRadioButton__StyledRadioButtonContainer-g1f6ld-0 hnWETW"
                          for="price-4"
                        >
                          <div
                            class="StyledBox-sc-13pk1d4-0 bHWzdD StyledRadioButton-g1f6ld-5 imYubY"
                          >
                            <input
                              class="StyledRadioButton__StyledRadioButtonInput-g1f6ld-1 hIKMbD"
                              id="price-4"
                              name="price"
                              type="radio"
                              value="500.00-99999999999.99"
                            />
                            <div
                              class="StyledBox-sc-13pk1d4-0 cMdTKN StyledRadioButton__StyledRadioButtonBox-g1f6ld-4 kGVpuu"
                            />
                          </div>
                          <span
                            class="StyledRadioButton__StyledRadioButtonLabel-g1f6ld-2"
                          >
                            Over $500
                          </span>
                        </label>
                        <div
                          class="StyledBox__StyledBoxGap-sc-13pk1d4-1 ggstca"
                        />
                        <label
                          class="StyledRadioButton__StyledRadioButtonContainer-g1f6ld-0 hnWETW"
                          for="price-5"
                        >
                          <div
                            class="StyledBox-sc-13pk1d4-0 bHWzdD StyledRadioButton-g1f6ld-5 imYubY"
                          >
                            <input
                              checked=""
                              class="StyledRadioButton__StyledRadioButtonInput-g1f6ld-1 hIKMbD"
                              id="price-5"
                              name="price"
                              type="radio"
                              value="0.00-99999999999.99"
                            />
                            <div
                              class="StyledBox-sc-13pk1d4-0 gFTKcF StyledRadioButton__StyledRadioButtonBox-g1f6ld-4 kGVpuu"
                            >
                              <svg
                                class="StyledRadioButton__StyledRadioButtonIcon-g1f6ld-3 hVSGD"
                                preserveAspectRatio="xMidYMid meet"
                                viewBox="0 0 24 24"
                              >
                                <circle
                                  cx="12"
                                  cy="12"
                                  r="6"
                                />
                              </svg>
                            </div>
                          </div>
                          <span
                            class="StyledRadioButton__StyledRadioButtonLabel-g1f6ld-2"
                          >
                            Any
                          </span>
                        </label>
                      </div>
                    </div>
                  </div>
                </div>
                <div
                  class="StyledBox__StyledBoxGap-sc-13pk1d4-1 kDNLiy"
                />
                <div
                  class="StyledBox-sc-13pk1d4-0 fumbms"
                >
                  <h5
                    class="StyledHeading-sc-1rdh4aw-0 fsIjVH"
                  >
                    Category
                  </h5>
                  <div
                    class="StyledBox__StyledBoxGap-sc-13pk1d4-1 kDNLiy"
                  />
                  <div
                    class="StyledBox-sc-13pk1d4-0 dLXLoO FormField__FormFieldBox-m9hood-0 jGEMXj"
                  >
                    <div
                      class="StyledBox-sc-13pk1d4-0 euBdwh FormField__FormFieldContentBox-m9hood-1"
                    >
                      <div
                        class="StyledBox-sc-13pk1d4-0 dYebPD"
                      >
                        <label
                          class="StyledCheckBox__StyledCheckBoxContainer-sc-1dbk5ju-1 htOOow"
                          for="store-category-1"
                        >
                          <div
                            class="StyledBox-sc-13pk1d4-0 jbIyUK StyledCheckBox-sc-1dbk5ju-6 hOFfoi"
                          >
                            <input
                              class="StyledCheckBox__StyledCheckBoxInput-sc-1dbk5ju-2 fYuA-Ds"
                              id="store-category-1"
                              type="checkbox"
                            />
                            <div
                              class="StyledBox-sc-13pk1d4-0 jYPXhZ StyledCheckBox__StyledCheckBoxBox-sc-1dbk5ju-3 kRWCTA"
                            />
                          </div>
                          <span>
                            Fruits
                          </span>
                        </label>
                        <div
                          class="StyledBox__StyledBoxGap-sc-13pk1d4-1 ggstca"
                        />
                        <label
                          class="StyledCheckBox__StyledCheckBoxContainer-sc-1dbk5ju-1 htOOow"
                          for="store-category-2"
                        >
                          <div
                            class="StyledBox-sc-13pk1d4-0 jbIyUK StyledCheckBox-sc-1dbk5ju-6 hOFfoi"
                          >
                            <input
                              class="StyledCheckBox__StyledCheckBoxInput-sc-1dbk5ju-2 fYuA-Ds"
                              id="store-category-2"
                              type="checkbox"
                            />
                            <div
                              class="StyledBox-sc-13pk1d4-0 jYPXhZ StyledCheckBox__StyledCheckBoxBox-sc-1dbk5ju-3 kRWCTA"
                            />
                          </div>
                          <span>
                            Vegetables
                          </span>
                        </label>
                        <div
                          class="StyledBox__StyledBoxGap-sc-13pk1d4-1 ggstca"
                        />
                        <label
                          class="StyledCheckBox__StyledCheckBoxContainer-sc-1dbk5ju-1 htOOow"
                          for="store-category-3"
                        >
                          <div
                            class="StyledBox-sc-13pk1d4-0 jbIyUK StyledCheckBox-sc-1dbk5ju-6 hOFfoi"
                          >
                            <input
                              class="StyledCheckBox__StyledCheckBoxInput-sc-1dbk5ju-2 fYuA-Ds"
                              id="store-category-3"
                              type="checkbox"
                            />
                            <div
                              class="StyledBox-sc-13pk1d4-0 jYPXhZ StyledCheckBox__StyledCheckBoxBox-sc-1dbk5ju-3 kRWCTA"
                            />
                          </div>
                          <span>
                            Beverages
                          </span>
                        </label>
                        <div
                          class="StyledBox__StyledBoxGap-sc-13pk1d4-1 ggstca"
                        />
                        <label
                          class="StyledCheckBox__StyledCheckBoxContainer-sc-1dbk5ju-1 htOOow"
                          for="store-category-4"
                        >
                          <div
                            class="StyledBox-sc-13pk1d4-0 jbIyUK StyledCheckBox-sc-1dbk5ju-6 hOFfoi"
                          >
                            <input
                              class="StyledCheckBox__StyledCheckBoxInput-sc-1dbk5ju-2 fYuA-Ds"
                              id="store-category-4"
                              type="checkbox"
                            />
                            <div
                              class="StyledBox-sc-13pk1d4-0 jYPXhZ StyledCheckBox__StyledCheckBoxBox-sc-1dbk5ju-3 kRWCTA"
                            />
                          </div>
                          <span>
                            Organic
                          </span>
                        </label>
                        <div
                          class="StyledBox__StyledBoxGap-sc-13pk1d4-1 ggstca"
                        />
                        <label
                          class="StyledCheckBox__StyledCheckBoxContainer-sc-1dbk5ju-1 htOOow"
                          for="store-category-5"
                        >
                          <div
                            class="StyledBox-sc-13pk1d4-0 jbIyUK StyledCheckBox-sc-1dbk5ju-6 hOFfoi"
                          >
                            <input
                              class="StyledCheckBox__StyledCheckBoxInput-sc-1dbk5ju-2 fYuA-Ds"
                              id="store-category-5"
                              type="checkbox"
                            />
                            <div
                              class="StyledBox-sc-13pk1d4-0 jYPXhZ StyledCheckBox__StyledCheckBoxBox-sc-1dbk5ju-3 kRWCTA"
                            />
                          </div>
                          <span>
                            Breads
                          </span>
                        </label>
                      </div>
                    </div>
                  </div>
                </div>
                <div
                  class="StyledBox__StyledBoxGap-sc-13pk1d4-1 kDNLiy"
                />
                <div
                  class="StyledBox-sc-13pk1d4-0 fumbms"
                >
                  <h5
                    class="StyledHeading-sc-1rdh4aw-0 fsIjVH"
                  >
                    Brand
                  </h5>
                  <div
                    class="StyledBox__StyledBoxGap-sc-13pk1d4-1 kDNLiy"
                  />
                  <div
                    class="StyledBox-sc-13pk1d4-0 dLXLoO FormField__FormFieldBox-m9hood-0 jGEMXj"
                  >
                    <div
                      class="StyledBox-sc-13pk1d4-0 euBdwh FormField__FormFieldContentBox-m9hood-1"
                    >
                      <div
                        class="StyledBox-sc-13pk1d4-0 dYebPD"
                      >
                        <label
                          class="StyledCheckBox__StyledCheckBoxContainer-sc-1dbk5ju-1 htOOow"
                          for="store-brand-1"
                        >
                          <div
                            class="StyledBox-sc-13pk1d4-0 jbIyUK StyledCheckBox-sc-1dbk5ju-6 hOFfoi"
                          >
                            <input
                              class="StyledCheckBox__StyledCheckBoxInput-sc-1dbk5ju-2 fYuA-Ds"
                              id="store-brand-1"
                              type="checkbox"
                            />
                            <div
                              class="StyledBox-sc-13pk1d4-0 jYPXhZ StyledCheckBox__StyledCheckBoxBox-sc-1dbk5ju-3 kRWCTA"
                            />
                          </div>
                          <span>
                            Some Food Company
                          </span>
                        </label>
                        <div
                          class="StyledBox__StyledBoxGap-sc-13pk1d4-1 ggstca"
                        />
                        <label
                          class="StyledCheckBox__StyledCheckBoxContainer-sc-1dbk5ju-1 htOOow"
                          for="store-brand-2"
                        >
                          <div
                            class="StyledBox-sc-13pk1d4-0 jbIyUK StyledCheckBox-sc-1dbk5ju-6 hOFfoi"
                          >
                            <input
                              class="StyledCheckBox__StyledCheckBoxInput-sc-1dbk5ju-2 fYuA-Ds"
                              id="store-brand-2"
                              type="checkbox"
                            />
                            <div
                              class="StyledBox-sc-13pk1d4-0 jYPXhZ StyledCheckBox__StyledCheckBoxBox-sc-1dbk5ju-3 kRWCTA"
                            />
                          </div>
                          <span>
                            Another Food Company
                          </span>
                        </label>
                        <div
                          class="StyledBox__StyledBoxGap-sc-13pk1d4-1 ggstca"
                        />
                        <label
                          class="StyledCheckBox__StyledCheckBoxContainer-sc-1dbk5ju-1 htOOow"
                          for="store-brand-3"
                        >
                          <div
                            class="StyledBox-sc-13pk1d4-0 jbIyUK StyledCheckBox-sc-1dbk5ju-6 hOFfoi"
                          >
                            <input
                              class="StyledCheckBox__StyledCheckBoxInput-sc-1dbk5ju-2 fYuA-Ds"
                              id="store-brand-3"
                              type="checkbox"
                            />
                            <div
                              class="StyledBox-sc-13pk1d4-0 jYPXhZ StyledCheckBox__StyledCheckBoxBox-sc-1dbk5ju-3 kRWCTA"
                            />
                          </div>
                          <span>
                            That Food Company
                          </span>
                        </label>
                        <div
                          class="StyledBox__StyledBoxGap-sc-13pk1d4-1 ggstca"
                        />
                        <label
                          class="StyledCheckBox__StyledCheckBoxContainer-sc-1dbk5ju-1 htOOow"
                          for="store-brand-4"
                        >
                          <div
                            class="StyledBox-sc-13pk1d4-0 jbIyUK StyledCheckBox-sc-1dbk5ju-6 hOFfoi"
                          >
                            <input
                              class="StyledCheckBox__StyledCheckBoxInput-sc-1dbk5ju-2 fYuA-Ds"
                              id="store-brand-4"
                              type="checkbox"
                            />
                            <div
                              class="StyledBox-sc-13pk1d4-0 jYPXhZ StyledCheckBox__StyledCheckBoxBox-sc-1dbk5ju-3 kRWCTA"
                            />
                          </div>
                          <span>
                            New Food Company
                          </span>
                        </label>
                      </div>
                    </div>
                  </div>
                </div>
                <div
                  class="StyledBox__StyledBoxGap-sc-13pk1d4-1 kDNLiy"
                />
                <div
                  class="StyledBox-sc-13pk1d4-0 fumbms"
                >
                  <h5
                    class="StyledHeading-sc-1rdh4aw-0 fsIjVH"
                  >
                    Rating
                  </h5>
                  <div
                    class="StyledBox__StyledBoxGap-sc-13pk1d4-1 kDNLiy"
                  />
                  <div
                    class="StyledBox-sc-13pk1d4-0 dLXLoO FormField__FormFieldBox-m9hood-0 jGEMXj"
                  >
                    <div
                      class="StyledBox-sc-13pk1d4-0 euBdwh FormField__FormFieldContentBox-m9hood-1"
                    >
                      <div
                        class="StyledBox-sc-13pk1d4-0 dYebPD"
                      >
                        <label
                          class="StyledRadioButton__StyledRadioButtonContainer-g1f6ld-0 hnWETW"
                          for="rating-5"
                        >
                          <div
                            class="StyledBox-sc-13pk1d4-0 bHWzdD StyledRadioButton-g1f6ld-5 imYubY"
                          >
                            <input
                              class="StyledRadioButton__StyledRadioButtonInput-g1f6ld-1 hIKMbD"
                              id="rating-5"
                              name="rating"
                              type="radio"
                              value="5"
                            />
                            <div
                              class="StyledBox-sc-13pk1d4-0 cMdTKN StyledRadioButton__StyledRadioButtonBox-g1f6ld-4 kGVpuu"
                            />
                          </div>
                          <div
                            class="StyledBox-sc-13pk1d4-0 bEnuwL"
                          >
                            <svg
                              aria-label="Star"
                              class="StyledIcon-ofa7kd-0 eRoOjd"
                              viewBox="0 0 24 24"
                            >
                              <polygon
                                fill="#FFC95E"
                                fill-rule="evenodd"
                                points="12 16.667 5 22 8 14 2 9.5 9.5 9.5 12 2 14.5 9.5 22 9.5 16 14 19 22"
                              />
                            </svg>
                            <svg
                              aria-label="Star"
                              class="StyledIcon-ofa7kd-0 eRoOjd"
                              viewBox="0 0 24 24"
                            >
                              <polygon
                                fill="#FFC95E"
                                fill-rule="evenodd"
                                points="12 16.667 5 22 8 14 2 9.5 9.5 9.5 12 2 14.5 9.5 22 9.5 16 14 19 22"
                              />
                            </svg>
                            <svg
                              aria-label="Star"
                              class="StyledIcon-ofa7kd-0 eRoOjd"
                              viewBox="0 0 24 24"
                            >
                              <polygon
                                fill="#FFC95E"
                                fill-rule="evenodd"
                                points="12 16.667 5 22 8 14 2 9.5 9.5 9.5 12 2 14.5 9.5 22 9.5 16 14 19 22"
                              />
                            </svg>
                            <svg
                              aria-label="Star"
                              class="StyledIcon-ofa7kd-0 eRoOjd"
                              viewBox="0 0 24 24"
                            >
                              <polygon
                                fill="#FFC95E"
                                fill-rule="evenodd"
                                points="12 16.667 5 22 8 14 2 9.5 9.5 9.5 12 2 14.5 9.5 22 9.5 16 14 19 22"
                              />
                            </svg>
                            <svg
                              aria-label="Star"
                              class="StyledIcon-ofa7kd-0 eRoOjd"
                              viewBox="0 0 24 24"
                            >
                              <polygon
                                fill="#FFC95E"
                                fill-rule="evenodd"
                                points="12 16.667 5 22 8 14 2 9.5 9.5 9.5 12 2 14.5 9.5 22 9.5 16 14 19 22"
                              />
                            </svg>
                          </div>
                        </label>
                        <div
                          class="StyledBox__StyledBoxGap-sc-13pk1d4-1 ggstca"
                        />
                        <label
                          class="StyledRadioButton__StyledRadioButtonContainer-g1f6ld-0 hnWETW"
                          for="rating-4"
                        >
                          <div
                            class="StyledBox-sc-13pk1d4-0 bHWzdD StyledRadioButton-g1f6ld-5 imYubY"
                          >
                            <input
                              class="StyledRadioButton__StyledRadioButtonInput-g1f6ld-1 hIKMbD"
                              id="rating-4"
                              name="rating"
                              type="radio"
                              value="4"
                            />
                            <div
                              class="StyledBox-sc-13pk1d4-0 cMdTKN StyledRadioButton__StyledRadioButtonBox-g1f6ld-4 kGVpuu"
                            />
                          </div>
                          <div
                            class="StyledBox-sc-13pk1d4-0 bEnuwL"
                          >
                            <svg
                              aria-label="Star"
                              class="StyledIcon-ofa7kd-0 eRoOjd"
                              viewBox="0 0 24 24"
                            >
                              <polygon
                                fill="#FFC95E"
                                fill-rule="evenodd"
                                points="12 16.667 5 22 8 14 2 9.5 9.5 9.5 12 2 14.5 9.5 22 9.5 16 14 19 22"
                              />
                            </svg>
                            <svg
                              aria-label="Star"
                              class="StyledIcon-ofa7kd-0 eRoOjd"
                              viewBox="0 0 24 24"
                            >
                              <polygon
                                fill="#FFC95E"
                                fill-rule="evenodd"
                                points="12 16.667 5 22 8 14 2 9.5 9.5 9.5 12 2 14.5 9.5 22 9.5 16 14 19 22"
                              />
                            </svg>
                            <svg
                              aria-label="Star"
                              class="StyledIcon-ofa7kd-0 eRoOjd"
                              viewBox="0 0 24 24"
                            >
                              <polygon
                                fill="#FFC95E"
                                fill-rule="evenodd"
                                points="12 16.667 5 22 8 14 2 9.5 9.5 9.5 12 2 14.5 9.5 22 9.5 16 14 19 22"
                              />
                            </svg>
                            <svg
                              aria-label="Star"
                              class="StyledIcon-ofa7kd-0 eRoOjd"
                              viewBox="0 0 24 24"
                            >
                              <polygon
                                fill="#FFC95E"
                                fill-rule="evenodd"
                                points="12 16.667 5 22 8 14 2 9.5 9.5 9.5 12 2 14.5 9.5 22 9.5 16 14 19 22"
                              />
                            </svg>
                            <svg
                              aria-label="Star"
                              class="StyledIcon-ofa7kd-0 dEeaTZ"
                              viewBox="0 0 24 24"
                            >
                              <polygon
                                fill="#FFC95E"
                                fill-rule="evenodd"
                                points="12 16.667 5 22 8 14 2 9.5 9.5 9.5 12 2 14.5 9.5 22 9.5 16 14 19 22"
                              />
                            </svg>
                          </div>
                        </label>
                        <div
                          class="StyledBox__StyledBoxGap-sc-13pk1d4-1 ggstca"
                        />
                        <label
                          class="StyledRadioButton__StyledRadioButtonContainer-g1f6ld-0 hnWETW"
                          for="rating-3"
                        >
                          <div
                            class="StyledBox-sc-13pk1d4-0 bHWzdD StyledRadioButton-g1f6ld-5 imYubY"
                          >
                            <input
                              class="StyledRadioButton__StyledRadioButtonInput-g1f6ld-1 hIKMbD"
                              id="rating-3"
                              name="rating"
                              type="radio"
                              value="3"
                            />
                            <div
                              class="StyledBox-sc-13pk1d4-0 cMdTKN StyledRadioButton__StyledRadioButtonBox-g1f6ld-4 kGVpuu"
                            />
                          </div>
                          <div
                            class="StyledBox-sc-13pk1d4-0 bEnuwL"
                          >
                            <svg
                              aria-label="Star"
                              class="StyledIcon-ofa7kd-0 eRoOjd"
                              viewBox="0 0 24 24"
                            >
                              <polygon
                                fill="#FFC95E"
                                fill-rule="evenodd"
                                points="12 16.667 5 22 8 14 2 9.5 9.5 9.5 12 2 14.5 9.5 22 9.5 16 14 19 22"
                              />
                            </svg>
                            <svg
                              aria-label="Star"
                              class="StyledIcon-ofa7kd-0 eRoOjd"
                              viewBox="0 0 24 24"
                            >
                              <polygon
                                fill="#FFC95E"
                                fill-rule="evenodd"
                                points="12 16.667 5 22 8 14 2 9.5 9.5 9.5 12 2 14.5 9.5 22 9.5 16 14 19 22"
                              />
                            </svg>
                            <svg
                              aria-label="Star"
                              class="StyledIcon-ofa7kd-0 eRoOjd"
                              viewBox="0 0 24 24"
                            >
                              <polygon
                                fill="#FFC95E"
                                fill-rule="evenodd"
                                points="12 16.667 5 22 8 14 2 9.5 9.5 9.5 12 2 14.5 9.5 22 9.5 16 14 19 22"
                              />
                            </svg>
                            <svg
                              aria-label="Star"
                              class="StyledIcon-ofa7kd-0 dEeaTZ"
                              viewBox="0 0 24 24"
                            >
                              <polygon
                                fill="#FFC95E"
                                fill-rule="evenodd"
                                points="12 16.667 5 22 8 14 2 9.5 9.5 9.5 12 2 14.5 9.5 22 9.5 16 14 19 22"
                              />
                            </svg>
                            <svg
                              aria-label="Star"
                              class="StyledIcon-ofa7kd-0 dEeaTZ"
                              viewBox="0 0 24 24"
                            >
                              <polygon
                                fill="#FFC95E"
                                fill-rule="evenodd"
                                points="12 16.667 5 22 8 14 2 9.5 9.5 9.5 12 2 14.5 9.5 22 9.5 16 14 19 22"
                              />
                            </svg>
                          </div>
                        </label>
                        <div
                          class="StyledBox__StyledBoxGap-sc-13pk1d4-1 ggstca"
                        />
                        <label
                          class="StyledRadioButton__StyledRadioButtonContainer-g1f6ld-0 hnWETW"
                          for="rating-2"
                        >
                          <div
                            class="StyledBox-sc-13pk1d4-0 bHWzdD StyledRadioButton-g1f6ld-5 imYubY"
                          >
                            <input
                              class="StyledRadioButton__StyledRadioButtonInput-g1f6ld-1 hIKMbD"
                              id="rating-2"
                              name="rating"
                              type="radio"
                              value="2"
                            />
                            <div
                              class="StyledBox-sc-13pk1d4-0 cMdTKN StyledRadioButton__StyledRadioButtonBox-g1f6ld-4 kGVpuu"
                            />
                          </div>
                          <div
                            class="StyledBox-sc-13pk1d4-0 bEnuwL"
                          >
                            <svg
                              aria-label="Star"
                              class="StyledIcon-ofa7kd-0 eRoOjd"
                              viewBox="0 0 24 24"
                            >
                              <polygon
                                fill="#FFC95E"
                                fill-rule="evenodd"
                                points="12 16.667 5 22 8 14 2 9.5 9.5 9.5 12 2 14.5 9.5 22 9.5 16 14 19 22"
                              />
                            </svg>
                            <svg
                              aria-label="Star"
                              class="StyledIcon-ofa7kd-0 eRoOjd"
                              viewBox="0 0 24 24"
                            >
                              <polygon
                                fill="#FFC95E"
                                fill-rule="evenodd"
                                points="12 16.667 5 22 8 14 2 9.5 9.5 9.5 12 2 14.5 9.5 22 9.5 16 14 19 22"
                              />
                            </svg>
                            <svg
                              aria-label="Star"
                              class="StyledIcon-ofa7kd-0 dEeaTZ"
                              viewBox="0 0 24 24"
                            >
                              <polygon
                                fill="#FFC95E"
                                fill-rule="evenodd"
                                points="12 16.667 5 22 8 14 2 9.5 9.5 9.5 12 2 14.5 9.5 22 9.5 16 14 19 22"
                              />
                            </svg>
                            <svg
                              aria-label="Star"
                              class="StyledIcon-ofa7kd-0 dEeaTZ"
                              viewBox="0 0 24 24"
                            >
                              <polygon
                                fill="#FFC95E"
                                fill-rule="evenodd"
                                points="12 16.667 5 22 8 14 2 9.5 9.5 9.5 12 2 14.5 9.5 22 9.5 16 14 19 22"
                              />
                            </svg>
                            <svg
                              aria-label="Star"
                              class="StyledIcon-ofa7kd-0 dEeaTZ"
                              viewBox="0 0 24 24"
                            >
                              <polygon
                                fill="#FFC95E"
                                fill-rule="evenodd"
                                points="12 16.667 5 22 8 14 2 9.5 9.5 9.5 12 2 14.5 9.5 22 9.5 16 14 19 22"
                              />
                            </svg>
                          </div>
                        </label>
                        <div
                          class="StyledBox__StyledBoxGap-sc-13pk1d4-1 ggstca"
                        />
                        <label
                          class="StyledRadioButton__StyledRadioButtonContainer-g1f6ld-0 hnWETW"
                          for="rating-1"
                        >
                          <div
                            class="StyledBox-sc-13pk1d4-0 bHWzdD StyledRadioButton-g1f6ld-5 imYubY"
                          >
                            <input
                              class="StyledRadioButton__StyledRadioButtonInput-g1f6ld-1 hIKMbD"
                              id="rating-1"
                              name="rating"
                              type="radio"
                              value="1"
                            />
                            <div
                              class="StyledBox-sc-13pk1d4-0 cMdTKN StyledRadioButton__StyledRadioButtonBox-g1f6ld-4 kGVpuu"
                            />
                          </div>
                          <div
                            class="StyledBox-sc-13pk1d4-0 bEnuwL"
                          >
                            <svg
                              aria-label="Star"
                              class="StyledIcon-ofa7kd-0 eRoOjd"
                              viewBox="0 0 24 24"
                            >
                              <polygon
                                fill="#FFC95E"
                                fill-rule="evenodd"
                                points="12 16.667 5 22 8 14 2 9.5 9.5 9.5 12 2 14.5 9.5 22 9.5 16 14 19 22"
                              />
                            </svg>
                            <svg
                              aria-label="Star"
                              class="StyledIcon-ofa7kd-0 dEeaTZ"
                              viewBox="0 0 24 24"
                            >
                              <polygon
                                fill="#FFC95E"
                                fill-rule="evenodd"
                                points="12 16.667 5 22 8 14 2 9.5 9.5 9.5 12 2 14.5 9.5 22 9.5 16 14 19 22"
                              />
                            </svg>
                            <svg
                              aria-label="Star"
                              class="StyledIcon-ofa7kd-0 dEeaTZ"
                              viewBox="0 0 24 24"
                            >
                              <polygon
                                fill="#FFC95E"
                                fill-rule="evenodd"
                                points="12 16.667 5 22 8 14 2 9.5 9.5 9.5 12 2 14.5 9.5 22 9.5 16 14 19 22"
                              />
                            </svg>
                            <svg
                              aria-label="Star"
                              class="StyledIcon-ofa7kd-0 dEeaTZ"
                              viewBox="0 0 24 24"
                            >
                              <polygon
                                fill="#FFC95E"
                                fill-rule="evenodd"
                                points="12 16.667 5 22 8 14 2 9.5 9.5 9.5 12 2 14.5 9.5 22 9.5 16 14 19 22"
                              />
                            </svg>
                            <svg
                              aria-label="Star"
                              class="StyledIcon-ofa7kd-0 dEeaTZ"
                              viewBox="0 0 24 24"
                            >
                              <polygon
                                fill="#FFC95E"
                                fill-rule="evenodd"
                                points="12 16.667 5 22 8 14 2 9.5 9.5 9.5 12 2 14.5 9.5 22 9.5 16 14 19 22"
                              />
                            </svg>
                          </div>
                        </label>
                        <div
                          class="StyledBox__StyledBoxGap-sc-13pk1d4-1 ggstca"
                        />
                        <label
                          class="StyledRadioButton__StyledRadioButtonContainer-g1f6ld-0 hnWETW"
                          for="rating-any"
                        >
                          <div
                            class="StyledBox-sc-13pk1d4-0 bHWzdD StyledRadioButton-g1f6ld-5 imYubY"
                          >
                            <input
                              checked=""
                              class="StyledRadioButton__StyledRadioButtonInput-g1f6ld-1 hIKMbD"
                              id="rating-any"
                              name="rating"
                              type="radio"
                              value=""
                            />
                            <div
                              class="StyledBox-sc-13pk1d4-0 gFTKcF StyledRadioButton__StyledRadioButtonBox-g1f6ld-4 kGVpuu"
                            >
                              <svg
                                class="StyledRadioButton__StyledRadioButtonIcon-g1f6ld-3 hVSGD"
                                preserveAspectRatio="xMidYMid meet"
                                viewBox="0 0 24 24"
                              >
                                <circle
                                  cx="12"
                                  cy="12"
                                  r="6"
                                />
                              </svg>
                            </div>
                          </div>
                          <span
                            class="StyledRadioButton__StyledRadioButtonLabel-g1f6ld-2"
                          >
                            Any
                          </span>
                        </label>
                      </div>
                    </div>
                  </div>
                </div>
              </div>
            </form>
          </div>
          <div
            class="StyledBox-sc-13pk1d4-0 bXSMjD"
            style="position: relative; transform: scale(1);"
          >
            <div
              class="StyledGrid-sc-1wofa1l-0 hWBgsw"
            >
              <div
                class="StyledBox-sc-13pk1d4-0 ikNWCf"
              >
                <div
                  class="StyledStack-ajspsk-0 fDjhAR"
                >
                  <div
                    class="StyledStack__StyledStackLayer-ajspsk-1 jeVJjk"
                  >
                    <img
                      class="StyledImage-ey4zx9-0 JknTg"
                      src="/placeholder/img/food/coffee-1200xauto.jpg"
                    />
                  </div>
                  <div
                    class="StyledStack__StyledStackLayer-ajspsk-1 idIGDH"
                  >
                    <div
                      class="StyledBox-sc-13pk1d4-0 ksMiLS"
                    >
                      <span
                        class="StyledText-sc-1sadyjn-0 DkZvS"
                      >
                        $10.99
                      </span>
                    </div>
                  </div>
                </div>
                <div
                  class="StyledBox-sc-13pk1d4-0 jsieLm"
                >
                  <h4
                    class="StyledHeading-sc-1rdh4aw-0 ijaako"
                  >
                    Coffee
                  </h4>
                  <div
                    class="StyledBox__StyledBoxGap-sc-13pk1d4-1 ggstca"
                  />
                  <span
                    class="StyledText-sc-1sadyjn-0 kZUujH"
                  >
                    Reprehenderit in sint eiusmod esse Lorem laboris cillum nostrud ut quis ipsum non duis magna. Ea sit non id qui minim do nisi tempor ad. Proident ipsum aliqua nisi magna reprehenderit deserunt exercitation veniam laborum ad est aliquip amet. Culpa ullamco id esse culpa exercitation. Velit amet aliqua cillum tempor dolor laborum laborum. Tempor do officia ex enim anim. Labore do qui est occaecat fugiat et anim id laboris.
                  </span>
                  <div
                    class="StyledBox__StyledBoxGap-sc-13pk1d4-1 ggstca"
                  />
                  <button
                    class="StyledButton-sc-323bzc-0 hmOcFG"
                    type="button"
                  >
                    Add to Cart
                  </button>
                </div>
              </div>
              <div
                class="StyledBox-sc-13pk1d4-0 ikNWCf"
              >
                <div
                  class="StyledStack-ajspsk-0 fDjhAR"
                >
                  <div
                    class="StyledStack__StyledStackLayer-ajspsk-1 jeVJjk"
                  >
                    <img
                      class="StyledImage-ey4zx9-0 JknTg"
                      src="/placeholder/img/food/honey-1200xauto.jpg"
                    />
                  </div>
                  <div
                    class="StyledStack__StyledStackLayer-ajspsk-1 idIGDH"
                  >
                    <div
                      class="StyledBox-sc-13pk1d4-0 ksMiLS"
                    >
                      <span
                        class="StyledText-sc-1sadyjn-0 DkZvS"
                      >
                        $200.99
                      </span>
                    </div>
                  </div>
                </div>
                <div
                  class="StyledBox-sc-13pk1d4-0 jsieLm"
                >
                  <h4
                    class="StyledHeading-sc-1rdh4aw-0 ijaako"
                  >
                    Honey
                  </h4>
                  <div
                    class="StyledBox__StyledBoxGap-sc-13pk1d4-1 ggstca"
                  />
                  <span
                    class="StyledText-sc-1sadyjn-0 kZUujH"
                  >
                    Reprehenderit in sint eiusmod esse Lorem laboris cillum nostrud ut quis ipsum non duis magna. Ea sit non id qui minim do nisi tempor ad. Proident ipsum aliqua nisi magna reprehenderit deserunt exercitation veniam laborum ad est aliquip amet. Culpa ullamco id esse culpa exercitation. Velit amet aliqua cillum tempor dolor laborum laborum. Tempor do officia ex enim anim. Labore do qui est occaecat fugiat et anim id laboris.
                  </span>
                  <div
                    class="StyledBox__StyledBoxGap-sc-13pk1d4-1 ggstca"
                  />
                  <button
                    class="StyledButton-sc-323bzc-0 hmOcFG"
                    type="button"
                  >
                    Add to Cart
                  </button>
                </div>
              </div>
              <div
                class="StyledBox-sc-13pk1d4-0 ikNWCf"
              >
                <div
                  class="StyledStack-ajspsk-0 fDjhAR"
                >
                  <div
                    class="StyledStack__StyledStackLayer-ajspsk-1 jeVJjk"
                  >
                    <img
                      class="StyledImage-ey4zx9-0 JknTg"
                      src="/placeholder/img/food/onion-1200xauto.jpg"
                    />
                  </div>
                  <div
                    class="StyledStack__StyledStackLayer-ajspsk-1 idIGDH"
                  >
                    <div
                      class="StyledBox-sc-13pk1d4-0 ksMiLS"
                    >
                      <span
                        class="StyledText-sc-1sadyjn-0 DkZvS"
                      >
                        $50.99
                      </span>
                    </div>
                  </div>
                </div>
                <div
                  class="StyledBox-sc-13pk1d4-0 jsieLm"
                >
                  <h4
                    class="StyledHeading-sc-1rdh4aw-0 ijaako"
                  >
                    Onions
                  </h4>
                  <div
                    class="StyledBox__StyledBoxGap-sc-13pk1d4-1 ggstca"
                  />
                  <span
                    class="StyledText-sc-1sadyjn-0 kZUujH"
                  >
                    Reprehenderit in sint eiusmod esse Lorem laboris cillum nostrud ut quis ipsum non duis magna. Ea sit non id qui minim do nisi tempor ad. Proident ipsum aliqua nisi magna reprehenderit deserunt exercitation veniam laborum ad est aliquip amet. Culpa ullamco id esse culpa exercitation. Velit amet aliqua cillum tempor dolor laborum laborum. Tempor do officia ex enim anim. Labore do qui est occaecat fugiat et anim id laboris.
                  </span>
                  <div
                    class="StyledBox__StyledBoxGap-sc-13pk1d4-1 ggstca"
                  />
                  <button
                    class="StyledButton-sc-323bzc-0 hmOcFG"
                    type="button"
                  >
                    Add to Cart
                  </button>
                </div>
              </div>
              <div
                class="StyledBox-sc-13pk1d4-0 ikNWCf"
              >
                <div
                  class="StyledStack-ajspsk-0 fDjhAR"
                >
                  <div
                    class="StyledStack__StyledStackLayer-ajspsk-1 jeVJjk"
                  >
                    <img
                      class="StyledImage-ey4zx9-0 JknTg"
                      src="/placeholder/img/food/strawberry-1200xauto.jpg"
                    />
                  </div>
                  <div
                    class="StyledStack__StyledStackLayer-ajspsk-1 idIGDH"
                  >
                    <div
                      class="StyledBox-sc-13pk1d4-0 ksMiLS"
                    >
                      <span
                        class="StyledText-sc-1sadyjn-0 DkZvS"
                      >
                        $399.99
                      </span>
                    </div>
                  </div>
                </div>
                <div
                  class="StyledBox-sc-13pk1d4-0 jsieLm"
                >
                  <h4
                    class="StyledHeading-sc-1rdh4aw-0 ijaako"
                  >
                    Strawberries
                  </h4>
                  <div
                    class="StyledBox__StyledBoxGap-sc-13pk1d4-1 ggstca"
                  />
                  <span
                    class="StyledText-sc-1sadyjn-0 kZUujH"
                  >
                    Reprehenderit in sint eiusmod esse Lorem laboris cillum nostrud ut quis ipsum non duis magna. Ea sit non id qui minim do nisi tempor ad. Proident ipsum aliqua nisi magna reprehenderit deserunt exercitation veniam laborum ad est aliquip amet. Culpa ullamco id esse culpa exercitation. Velit amet aliqua cillum tempor dolor laborum laborum. Tempor do officia ex enim anim. Labore do qui est occaecat fugiat et anim id laboris.
                  </span>
                  <div
                    class="StyledBox__StyledBoxGap-sc-13pk1d4-1 ggstca"
                  />
                  <button
                    class="StyledButton-sc-323bzc-0 hmOcFG"
                    type="button"
                  >
                    Add to Cart
                  </button>
                </div>
              </div>
              <div
                class="StyledBox-sc-13pk1d4-0 ikNWCf"
              >
                <div
                  class="StyledStack-ajspsk-0 fDjhAR"
                >
                  <div
                    class="StyledStack__StyledStackLayer-ajspsk-1 jeVJjk"
                  >
                    <img
                      class="StyledImage-ey4zx9-0 JknTg"
                      src="/placeholder/img/food/tea-1200xauto.jpg"
                    />
                  </div>
                  <div
                    class="StyledStack__StyledStackLayer-ajspsk-1 idIGDH"
                  >
                    <div
                      class="StyledBox-sc-13pk1d4-0 ksMiLS"
                    >
                      <span
                        class="StyledText-sc-1sadyjn-0 DkZvS"
                      >
                        $6,000.99
                      </span>
                    </div>
                  </div>
                </div>
                <div
                  class="StyledBox-sc-13pk1d4-0 jsieLm"
                >
                  <h4
                    class="StyledHeading-sc-1rdh4aw-0 ijaako"
                  >
                    Tea
                  </h4>
                  <div
                    class="StyledBox__StyledBoxGap-sc-13pk1d4-1 ggstca"
                  />
                  <span
                    class="StyledText-sc-1sadyjn-0 kZUujH"
                  >
                    Reprehenderit in sint eiusmod esse Lorem laboris cillum nostrud ut quis ipsum non duis magna. Ea sit non id qui minim do nisi tempor ad. Proident ipsum aliqua nisi magna reprehenderit deserunt exercitation veniam laborum ad est aliquip amet. Culpa ullamco id esse culpa exercitation. Velit amet aliqua cillum tempor dolor laborum laborum. Tempor do officia ex enim anim. Labore do qui est occaecat fugiat et anim id laboris.
                  </span>
                  <div
                    class="StyledBox__StyledBoxGap-sc-13pk1d4-1 ggstca"
                  />
                  <button
                    class="StyledButton-sc-323bzc-0 hmOcFG"
                    type="button"
                  >
                    Add to Cart
                  </button>
                </div>
              </div>
              <div
                class="StyledBox-sc-13pk1d4-0 ikNWCf"
              >
                <div
                  class="StyledStack-ajspsk-0 fDjhAR"
                >
                  <div
                    class="StyledStack__StyledStackLayer-ajspsk-1 jeVJjk"
                  >
                    <img
                      class="StyledImage-ey4zx9-0 JknTg"
                      src="/placeholder/img/food/raspberry-1200xauto.jpg"
                    />
                  </div>
                  <div
                    class="StyledStack__StyledStackLayer-ajspsk-1 idIGDH"
                  >
                    <div
                      class="StyledBox-sc-13pk1d4-0 ksMiLS"
                    >
                      <span
                        class="StyledText-sc-1sadyjn-0 DkZvS"
                      >
                        $6,000.99
                      </span>
                    </div>
                  </div>
                </div>
                <div
                  class="StyledBox-sc-13pk1d4-0 jsieLm"
                >
                  <h4
                    class="StyledHeading-sc-1rdh4aw-0 ijaako"
                  >
                    Raspberries
                  </h4>
                  <div
                    class="StyledBox__StyledBoxGap-sc-13pk1d4-1 ggstca"
                  />
                  <span
                    class="StyledText-sc-1sadyjn-0 kZUujH"
                  >
                    Reprehenderit in sint eiusmod esse Lorem laboris cillum nostrud ut quis ipsum non duis magna. Ea sit non id qui minim do nisi tempor ad. Proident ipsum aliqua nisi magna reprehenderit deserunt exercitation veniam laborum ad est aliquip amet. Culpa ullamco id esse culpa exercitation. Velit amet aliqua cillum tempor dolor laborum laborum. Tempor do officia ex enim anim. Labore do qui est occaecat fugiat et anim id laboris.
                  </span>
                  <div
                    class="StyledBox__StyledBoxGap-sc-13pk1d4-1 ggstca"
                  />
                  <button
                    class="StyledButton-sc-323bzc-0 hmOcFG"
                    type="button"
                  >
                    Add to Cart
                  </button>
                </div>
              </div>
            </div>
            <div
              class="StyledBox-sc-13pk1d4-0 foeyVW"
              style="position: sticky; bottom: 98%;"
            />
          </div>
        </div>
      </div>
    </div>
  </div>
</div>
`;
